Component: ARM Compiler 5.06 update 6 (build 750) Tool: armlink [4d35ed]

==============================================================================

Section Cross References

    startup.o(RESET) refers to startup.o(STACK) for StackMem
    startup.o(RESET) refers to uart.o(i.UART0_Handler) for UART0_Handler
    startup.o(RESET) refers to timers.o(i.Timer0A_Handler) for Timer0A_Handler
    startup.o(RESET) refers to timers.o(i.Timer1A_Handler) for Timer1A_Handler
    startup.o(RESET) refers to timers.o(i.Timer2A_Handler) for Timer2A_Handler
    startup.o(RESET) refers to timers.o(i.Timer3A_Handler) for Timer3A_Handler
    startup.o(RESET) refers to esp8266.o(i.UART5_Handler) for UART5_Handler
    startup.o(RESET) refers to entry.o(.ARM.Collect$$$$00000000) for __main
    uart.o(i.RxFifo_Get) refers to uart.o(.data) for RxPutI
    uart.o(i.RxFifo_Get) refers to uart.o(.bss) for RxFifo
    uart.o(i.RxFifo_Init) refers to startup.o(.text) for StartCritical
    uart.o(i.RxFifo_Init) refers to uart.o(.data) for RxGetI
    uart.o(i.RxFifo_Put) refers to uart.o(.data) for RxPutI
    uart.o(i.RxFifo_Put) refers to uart.o(.bss) for RxFifo
    uart.o(i.RxFifo_Size) refers to uart.o(.data) for RxPutI
    uart.o(i.TxFifo_Get) refers to uart.o(.data) for TxPutI
    uart.o(i.TxFifo_Get) refers to uart.o(.bss) for TxFifo
    uart.o(i.TxFifo_Init) refers to startup.o(.text) for StartCritical
    uart.o(i.TxFifo_Init) refers to uart.o(.data) for TxGetI
    uart.o(i.TxFifo_Put) refers to uart.o(.data) for TxPutI
    uart.o(i.TxFifo_Put) refers to uart.o(.bss) for TxFifo
    uart.o(i.TxFifo_Size) refers to uart.o(.data) for TxPutI
    uart.o(i.UART0_Handler) refers to uart.o(i.copySoftwareToHardware) for copySoftwareToHardware
    uart.o(i.UART0_Handler) refers to uart.o(i.TxFifo_Size) for TxFifo_Size
    uart.o(i.UART0_Handler) refers to uart.o(i.copyHardwareToSoftware) for copyHardwareToSoftware
    uart.o(i.UART_InChar) refers to uart.o(i.RxFifo_Get) for RxFifo_Get
    uart.o(i.UART_InCharNonBlock) refers to uart.o(i.RxFifo_Get) for RxFifo_Get
    uart.o(i.UART_InString) refers to uart.o(i.UART_InChar) for UART_InChar
    uart.o(i.UART_InString) refers to uart.o(i.UART_OutChar) for UART_OutChar
    uart.o(i.UART_InUDec) refers to uart.o(i.UART_InChar) for UART_InChar
    uart.o(i.UART_InUDec) refers to uart.o(i.UART_OutChar) for UART_OutChar
    uart.o(i.UART_InUHex) refers to uart.o(i.UART_InChar) for UART_InChar
    uart.o(i.UART_InUHex) refers to uart.o(i.UART_OutChar) for UART_OutChar
    uart.o(i.UART_Init) refers to uart.o(i.RxFifo_Init) for RxFifo_Init
    uart.o(i.UART_Init) refers to uart.o(i.TxFifo_Init) for TxFifo_Init
    uart.o(i.UART_Init) refers to startup.o(.text) for EnableInterrupts
    uart.o(i.UART_OutChar) refers to uart.o(i.TxFifo_Put) for TxFifo_Put
    uart.o(i.UART_OutChar) refers to uart.o(i.copySoftwareToHardware) for copySoftwareToHardware
    uart.o(i.UART_OutString) refers to uart.o(i.UART_OutChar) for UART_OutChar
    uart.o(i.UART_OutUDec) refers to uart.o(i.UART_OutChar) for UART_OutChar
    uart.o(i.UART_OutUHex) refers to uart.o(i.UART_OutChar) for UART_OutChar
    uart.o(i.copyHardwareToSoftware) refers to uart.o(i.RxFifo_Put) for RxFifo_Put
    uart.o(i.copyHardwareToSoftware) refers to uart.o(i.RxFifo_Size) for RxFifo_Size
    uart.o(i.copySoftwareToHardware) refers to uart.o(i.TxFifo_Get) for TxFifo_Get
    uart.o(i.copySoftwareToHardware) refers to uart.o(i.TxFifo_Size) for TxFifo_Size
    blynk.o(i.Blynk_to_TM4C) refers to esp8266.o(i.ESP8266_GetMessage) for ESP8266_GetMessage
    blynk.o(i.Blynk_to_TM4C) refers to uart.o(i.UART_OutChar) for UART_OutChar
    blynk.o(i.Blynk_to_TM4C) refers to strtok.o(.text) for strtok
    blynk.o(i.Blynk_to_TM4C) refers to strcpy.o(.text) for strcpy
    blynk.o(i.Blynk_to_TM4C) refers to atoi.o(.text) for atoi
    blynk.o(i.Blynk_to_TM4C) refers to portf.o(i.PortF_Output) for PortF_Output
    blynk.o(i.Blynk_to_TM4C) refers to uart.o(i.UART_OutString) for UART_OutString
    blynk.o(i.Blynk_to_TM4C) refers to blynk.o(.bss) for serial_buf
    blynk.o(i.Blynk_to_TM4C) refers to blynk.o(.data) for Pin_Number
    blynk.o(i.SendInformation) refers to blynk.o(i.TM4C_to_Blynk) for TM4C_to_Blynk
    blynk.o(i.TM4C_to_Blynk) refers to uart.o(i.UART_OutString) for UART_OutString
    blynk.o(i.TM4C_to_Blynk) refers to esp8266.o(i.ESP8266_OutUDec) for ESP8266_OutUDec
    blynk.o(i.TM4C_to_Blynk) refers to esp8266.o(i.ESP8266_OutChar) for ESP8266_OutChar
    blynk.o(i.TM4C_to_Blynk) refers to esp8266.o(i.ESP8266_OutString) for ESP8266_OutString
    blynk.o(i.TM4C_to_Blynk) refers to uart.o(i.UART_OutUDec) for UART_OutUDec
    blynk.o(i.TM4C_to_Blynk) refers to uart.o(i.UART_OutChar) for UART_OutChar
    blynk.o(i.TM4C_to_Blynk) refers to blynk.o(.data) for lastp
    blynk.o(i.buttonLogic) refers to blynk.o(i.Blynk_to_TM4C) for Blynk_to_TM4C
    blynk.o(i.buttonLogic) refers to clock.o(i.clearSet) for clearSet
[...]
    timers.o(i.Timer3A_Handler) refers to timers.o(.data) for timer3A_Func
    timers.o(i.Timer3A_Init10kHzInt) refers to startup.o(.text) for DisableInterrupts
    timers.o(i.Timer3A_Init10kHzInt) refers to timers.o(.data) for timer3A_Func
    cos.o(i.__softfp_cos) refers (Special) to iusefp.o(.text) for __I$use$fp
    cos.o(i.__softfp_cos) refers to cos.o(i.cos) for cos
    cos.o(i.cos) refers (Special) to iusefp.o(.text) for __I$use$fp
    cos.o(i.cos) refers to errno.o(i.__set_errno) for __set_errno
    cos.o(i.cos) refers to dunder.o(i.__mathlib_dbl_invalid) for __mathlib_dbl_invalid
    cos.o(i.cos) refers to dunder.o(i.__mathlib_dbl_infnan) for __mathlib_dbl_infnan
    cos.o(i.cos) refers to rred.o(i.__ieee754_rem_pio2) for __ieee754_rem_pio2
    cos.o(i.cos) refers to sin_i.o(i.__kernel_sin) for __kernel_sin
    cos.o(i.cos) refers to cos_i.o(i.__kernel_cos) for __kernel_cos
    cos_x.o(i.____softfp_cos$lsc) refers (Special) to iusefp.o(.text) for __I$use$fp
    cos_x.o(i.____softfp_cos$lsc) refers to cos_x.o(i.__cos$lsc) for __cos$lsc
    cos_x.o(i.__cos$lsc) refers (Special) to iusefp.o(.text) for __I$use$fp
    cos_x.o(i.__cos$lsc) refers to errno.o(i.__set_errno) for __set_errno
    cos_x.o(i.__cos$lsc) refers to dunder.o(i.__mathlib_dbl_infnan) for __mathlib_dbl_infnan
    cos_x.o(i.__cos$lsc) refers to rred.o(i.__ieee754_rem_pio2) for __ieee754_rem_pio2
    cos_x.o(i.__cos$lsc) refers to sin_i.o(i.__kernel_sin) for __kernel_sin
    cos_x.o(i.__cos$lsc) refers to cos_i.o(i.__kernel_cos) for __kernel_cos
    sin.o(i.__softfp_sin) refers (Special) to iusefp.o(.text) for __I$use$fp
    sin.o(i.__softfp_sin) refers to sin.o(i.sin) for sin
    sin.o(i.sin) refers (Special) to iusefp.o(.text) for __I$use$fp
    sin.o(i.sin) refers to errno.o(i.__set_errno) for __set_errno
    sin.o(i.sin) refers to dunder.o(i.__mathlib_dbl_invalid) for __mathlib_dbl_invalid
    sin.o(i.sin) refers to dunder.o(i.__mathlib_dbl_infnan) for __mathlib_dbl_infnan
    sin.o(i.sin) refers to rred.o(i.__ieee754_rem_pio2) for __ieee754_rem_pio2
    sin.o(i.sin) refers to cos_i.o(i.__kernel_cos) for __kernel_cos
    sin.o(i.sin) refers to sin_i.o(i.__kernel_sin) for __kernel_sin
    sin_x.o(i.____softfp_sin$lsc) refers (Special) to iusefp.o(.text) for __I$use$fp
    sin_x.o(i.____softfp_sin$lsc) refers to sin_x.o(i.__sin$lsc) for __sin$lsc
    sin_x.o(i.__sin$lsc) refers (Special) to iusefp.o(.text) for __I$use$fp
    sin_x.o(i.__sin$lsc) refers to errno.o(i.__set_errno) for __set_errno
    sin_x.o(i.__sin$lsc) refers to dunder.o(i.__mathlib_dbl_infnan) for __mathlib_dbl_infnan
    sin_x.o(i.__sin$lsc) refers to rred.o(i.__ieee754_rem_pio2) for __ieee754_rem_pio2
    sin_x.o(i.__sin$lsc) refers to cos_i.o(i.__kernel_cos) for __kernel_cos
    sin_x.o(i.__sin$lsc) refers to sin_i.o(i.__kernel_sin) for __kernel_sin
    entry.o(.ARM.Collect$$$$00000000) refers (Special) to entry10a.o(.ARM.Collect$$$$0000000D) for __rt_final_cpp
    entry.o(.ARM.Collect$$$$00000000) refers (Special) to entry11a.o(.ARM.Collect$$$$0000000F) for __rt_final_exit
    entry.o(.ARM.Collect$$$$00000000) refers (Special) to entry7b.o(.ARM.Collect$$$$00000008) for _main_clock
    entry.o(.ARM.Collect$$$$00000000) refers (Special) to entry8b.o(.ARM.Collect$$$$0000000A) for _main_cpp_init
    entry.o(.ARM.Collect$$$$00000000) refers (Special) to entry9a.o(.ARM.Collect$$$$0000000B) for _main_init
    entry.o(.ARM.Collect$$$$00000000) refers (Special) to entry5.o(.ARM.Collect$$$$00000004) for _main_scatterload
    entry.o(.ARM.Collect$$$$00000000) refers (Special) to entry2.o(.ARM.Collect$$$$00000001) for _main_stk
    strtok.o(.text) refers to strtok.o(.data) for .data
    strtok_r.o(.text) refers to strtok_r.o(.data) for .data
    atoi.o(.text) refers to errno.o(i.__aeabi_errno_addr) for __aeabi_errno_addr
    atoi.o(.text) refers to strtol.o(.text) for strtol
    dadd.o(.text) refers (Special) to iusefp.o(.text) for __I$use$fp
    dadd.o(.text) refers to llshl.o(.text) for __aeabi_llsl
    dadd.o(.text) refers to llsshr.o(.text) for __aeabi_lasr
    dadd.o(.text) refers to depilogue.o(.text) for _double_epilogue
    dmul.o(.text) refers (Special) to iusefp.o(.text) for __I$use$fp
    dmul.o(.text) refers to depilogue.o(.text) for _double_epilogue
    ddiv.o(.text) refers (Special) to iusefp.o(.text) for __I$use$fp
    ddiv.o(.text) refers to depilogue.o(.text) for _double_round
    dflti.o(.text) refers (Special) to iusefp.o(.text) for __I$use$fp
    dflti.o(.text) refers to depilogue.o(.text) for _double_epilogue
    dfltui.o(.text) refers (Special) to iusefp.o(.text) for __I$use$fp
    dfltui.o(.text) refers to depilogue.o(.text) for _double_epilogue
    dfixi.o(.text) refers (Special) to iusefp.o(.text) for __I$use$fp
    dfixi.o(.text) refers to llushr.o(.text) for __aeabi_llsr
    cos_i.o(i.__kernel_cos) refers (Special) to iusefp.o(.text) for __I$use$fp
    cos_i.o(i.__kernel_cos) refers to dfixi.o(.text) for __aeabi_d2iz
    cos_i.o(i.__kernel_cos) refers to dmul.o(.text) for __aeabi_dmul
    cos_i.o(i.__kernel_cos) refers to poly.o(i.__kernel_poly) for __kernel_poly
    cos_i.o(i.__kernel_cos) refers to dadd.o(.text) for __aeabi_dsub
    cos_i.o(i.__kernel_cos) refers to dscalb.o(.text) for __ARM_scalbn
    cos_i.o(i.__kernel_cos) refers to cos_i.o(.constdata) for .constdata
    cos_i.o(.constdata) refers (Special) to iusefp.o(.text) for __I$use$fp
    dunder.o(i.__mathlib_dbl_divzero) refers to ddiv.o(.text) for __aeabi_ddiv
    dunder.o(i.__mathlib_dbl_infnan) refers to dscalb.o(.text) for __ARM_scalbn
    dunder.o(i.__mathlib_dbl_infnan2) refers to dadd.o(.text) for __aeabi_dadd
    dunder.o(i.__mathlib_dbl_invalid) refers to ddiv.o(.text) for __aeabi_ddiv
    dunder.o(i.__mathlib_dbl_overflow) refers to dscalb.o(.text) for __ARM_scalbn
    dunder.o(i.__mathlib_dbl_posinfnan) refers to dmul.o(.text) for __aeabi_dmul
    dunder.o(i.__mathlib_dbl_underflow) refers to dscalb.o(.text) for __ARM_scalbn
    rred.o(i.__ieee754_rem_pio2) refers (Special) to iusefp.o(.text) for __I$use$fp
    rred.o(i.__ieee754_rem_pio2) refers to dadd.o(.text) for __aeabi_dsub
    rred.o(i.__ieee754_rem_pio2) refers to dmul.o(.text) for __aeabi_dmul
    rred.o(i.__ieee754_rem_pio2) refers to dfixi.o(.text) for __aeabi_d2iz
    rred.o(i.__ieee754_rem_pio2) refers to dflti.o(.text) for __aeabi_i2d
    rred.o(i.__ieee754_rem_pio2) refers to dfltui.o(.text) for __aeabi_ui2d
    rred.o(i.__ieee754_rem_pio2) refers to dscalb.o(.text) for __ARM_scalbn
    rred.o(i.__ieee754_rem_pio2) refers to rred.o(.constdata) for .constdata
    rred.o(i.__use_accurate_range_reduction) refers (Special) to iusefp.o(.text) for __I$use$fp
    rred.o(.constdata) refers (Special) to iusefp.o(.text) for __I$use$fp
    sin_i.o(i.__kernel_sin) refers (Special) to iusefp.o(.text) for __I$use$fp
    sin_i.o(i.__kernel_sin) refers to fpclassify.o(i.__ARM_fpclassify) for __ARM_fpclassify
    sin_i.o(i.__kernel_sin) refers to dunder.o(i.__mathlib_dbl_underflow) for __mathlib_dbl_underflow
    sin_i.o(i.__kernel_sin) refers to dmul.o(.text) for __aeabi_dmul
    sin_i.o(i.__kernel_sin) refers to poly.o(i.__kernel_poly) for __kernel_poly
    sin_i.o(i.__kernel_sin) refers to dscalb.o(.text) for __ARM_scalbn
    sin_i.o(i.__kernel_sin) refers to dadd.o(.text) for __aeabi_dsub
    sin_i.o(i.__kernel_sin) refers to sin_i.o(.constdata) for .constdata
    sin_i.o(.constdata) refers (Special) to iusefp.o(.text) for __I$use$fp
    sin_i_x.o(i.____kernel_sin$lsc) refers (Special) to iusefp.o(.text) for __I$use$fp
    sin_i_x.o(i.____kernel_sin$lsc) refers to dmul.o(.text) for __aeabi_dmul
    sin_i_x.o(i.____kernel_sin$lsc) refers to poly.o(i.__kernel_poly) for __kernel_poly
    sin_i_x.o(i.____kernel_sin$lsc) refers to dscalb.o(.text) for __ARM_scalbn
    sin_i_x.o(i.____kernel_sin$lsc) refers to dadd.o(.text) for __aeabi_dsub
    sin_i_x.o(i.____kernel_sin$lsc) refers to sin_i_x.o(.constdata) for .constdata
    sin_i_x.o(.constdata) refers (Special) to iusefp.o(.text) for __I$use$fp
    entry2.o(.ARM.Collect$$$$00000001) refers to entry2.o(.ARM.Collect$$$$00002712) for __lit__00000000
    entry2.o(.ARM.Collect$$$$00002712) refers to startup.o(STACK) for __initial_sp
    entry2.o(__vectab_stack_and_reset_area) refers to startup.o(STACK) for __initial_sp
    entry2.o(__vectab_stack_and_reset_area) refers to entry.o(.ARM.Collect$$$$00000000) for __main
    entry5.o(.ARM.Collect$$$$00000004) refers to init.o(.text) for __scatterload
    entry9a.o(.ARM.Collect$$$$0000000B) refers to blynk.o(i.main) for main
    entry9b.o(.ARM.Collect$$$$0000000C) refers to blynk.o(i.main) for main
    errno.o(i.__aeabi_errno_addr) refers to errno.o(.data) for .data
    errno.o(i.__read_errno) refers to errno.o(.data) for .data
    errno.o(i.__set_errno) refers to errno.o(.data) for .data
    strtol.o(.text) refers to ctype_o.o(.text) for __rt_ctype_table
    strtol.o(.text) refers to _strtoul.o(.text) for _strtoul
    strtol.o(.text) refers to errno.o(i.__aeabi_errno_addr) for __aeabi_errno_addr
    depilogue.o(.text) refers to llshl.o(.text) for __aeabi_llsl
    depilogue.o(.text) refers to llushr.o(.text) for __aeabi_llsr
    fpclassify.o(i.__ARM_fpclassify) refers (Special) to iusefp.o(.text) for __I$use$fp
    poly.o(i.__kernel_poly) refers (Special) to iusefp.o(.text) for __I$use$fp
    poly.o(i.__kernel_poly) refers to dmul.o(.text) for __aeabi_dmul
    poly.o(i.__kernel_poly) refers to dadd.o(.text) for __aeabi_dadd
    init.o(.text) refers to entry5.o(.ARM.Collect$$$$00000004) for __main_after_scatterload
    ctype_o.o(.text) refers to ctype_o.o(.constdata) for .constdata
    ctype_o.o(.constdata) refers to ctype_o.o(.constdata) for __ctype_table
    isalnum_o.o(.text) refers to ctype_o.o(.text) for __rt_ctype_table
    isalpha_o.o(.text) refers to ctype_o.o(.text) for __rt_ctype_table
    isblank_o.o(.text) refers to ctype_o.o(.constdata) for __ctype_table
    iscntrl_o.o(.text) refers to ctype_o.o(.text) for __rt_ctype_table
    isdigit_o.o(.text) refers to ctype_o.o(.text) for __rt_ctype_table
    isgraph_o.o(.text) refers to ctype_o.o(.text) for __rt_ctype_table
    islower_o.o(.text) refers to ctype_o.o(.text) for __rt_ctype_table
    isprint_o.o(.text) refers to ctype_o.o(.text) for __rt_ctype_table
    ispunct_o.o(.text) refers to ctype_o.o(.text) for __rt_ctype_table
    isspace_o.o(.text) refers to ctype_o.o(.text) for __rt_ctype_table
    isupper_o.o(.text) refers to ctype_o.o(.text) for __rt_ctype_table
    isxdigit_o.o(.text) refers to ctype_o.o(.text) for __rt_ctype_table
    _strtoul.o(.text) refers to _chval.o(.text) for _chval
    _strtoul.o(.text) refers to errno.o(i.__aeabi_errno_addr) for __aeabi_errno_addr


==============================================================================

Removing Unused input sections from the image.

    Removing startup.o(HEAP), (0 bytes).
    Removing uart.o(i.RxFifo_Get), (60 bytes).
    Removing uart.o(i.UART_InChar), (20 bytes).
    Removing uart.o(i.UART_InCharNonBlock), (20 bytes).
    Removing uart.o(i.UART_InString), (70 bytes).
    Removing uart.o(i.UART_InUDec), (76 bytes).
    Removing uart.o(i.UART_InUHex), (108 bytes).
    Removing uart.o(i.UART_OutUHex), (52 bytes).
    Removing blynk.o(i.SendInformation), (16 bytes).
    Removing st7735.o(i.Output_Clear), (10 bytes).
    Removing st7735.o(i.Output_Color), (12 bytes).
    Removing st7735.o(i.Output_Init), (16 bytes).
    Removing st7735.o(i.Output_Off), (8 bytes).
    Removing st7735.o(i.Output_On), (8 bytes).
    Removing st7735.o(i.ST7735_Color565), (24 bytes).
    Removing st7735.o(i.ST7735_DrawChar), (272 bytes).
    Removing st7735.o(i.ST7735_DrawFastHLine), (124 bytes).
    Removing st7735.o(i.ST7735_DrawFastVLine), (124 bytes).
    Removing st7735.o(i.ST7735_InitB), (40 bytes).
    Removing st7735.o(i.ST7735_InvertDisplay), (22 bytes).
    Removing st7735.o(i.ST7735_PlotBar), (88 bytes).
    Removing st7735.o(i.ST7735_PlotClear), (92 bytes).
    Removing st7735.o(i.ST7735_PlotLine), (264 bytes).
    Removing st7735.o(i.ST7735_PlotNext), (32 bytes).
    Removing st7735.o(i.ST7735_PlotNextErase), (64 bytes).
    Removing st7735.o(i.ST7735_PlotPoint), (152 bytes).
    Removing st7735.o(i.ST7735_PlotPoints), (172 bytes).
    Removing st7735.o(i.ST7735_PlotdBfs), (60 bytes).
    Removing st7735.o(i.ST7735_SetRotation), (212 bytes).
    Removing st7735.o(i.ST7735_SetTextColor), (12 bytes).
    Removing st7735.o(i.ST7735_SwapColor), (18 bytes).
    Removing st7735.o(i.ST7735_plotInit), (108 bytes).
    Removing st7735.o(i.ST7735_plotPmf), (256 bytes).
    Removing st7735.o(i.setPlotParams), (20 bytes).
    Removing esp8266.o(i.ESP8266_AvailableInput), (8 bytes).
    Removing buttondriver.o(i.pollButton), (24 bytes).
    Removing clock.o(i.snooze), (16 bytes).
    Removing timers.o(i.Timer2A_Init10kHzInt), (136 bytes).

38 unused section(s) (total 2816 bytes) removed from the image.

==============================================================================

Image Symbol Table

    Local Symbols

    Symbol Name                              Value     Ov Type        Size  Object(Section)

    RESET                                    0x00000000   Section      660  startup.o(RESET)
    ../clib/../cmprslib/zerorunl2.c          0x00000000   Number         0  __dczerorl2.o ABSOLUTE
    ../clib/microlib/ctype/ctype.c           0x00000000   Number         0  isblank_o.o ABSOLUTE
    ../clib/microlib/ctype/ctype.c           0x00000000   Number         0  isalpha_o.o ABSOLUTE
    ../clib/microlib/ctype/ctype.c           0x00000000   Number         0  ctype_o.o ABSOLUTE
    ../clib/microlib/ctype/ctype.c           0x00000000   Number         0  isalnum_o.o ABSOLUTE
    ../clib/microlib/ctype/ctype.c           0x00000000   Number         0  iscntrl_o.o ABSOLUTE
    ../clib/microlib/ctype/ctype.c           0x00000000   Number         0  isdigit_o.o ABSOLUTE
    ../clib/microlib/ctype/ctype.c           0x00000000   Number         0  isxdigit_o.o ABSOLUTE
    ../clib/microlib/ctype/ctype.c           0x00000000   Number         0  isgraph_o.o ABSOLUTE
    ../clib/microlib/ctype/ctype.c           0x00000000   Number         0  islower_o.o ABSOLUTE
    ../clib/microlib/ctype/ctype.c           0x00000000   Number         0  isprint_o.o ABSOLUTE
    ../clib/microlib/ctype/ctype.c           0x00000000   Number         0  ispunct_o.o ABSOLUTE
    ../clib/microlib/ctype/ctype.c           0x00000000   Number         0  isspace_o.o ABSOLUTE
    ../clib/microlib/ctype/ctype.c           0x00000000   Number         0  isupper_o.o ABSOLUTE
    ../clib/microlib/errno.c                 0x00000000   Number         0  errno.o ABSOLUTE
    ../clib/microlib/init/entry.s            0x00000000   Number         0  entry2.o ABSOLUTE
    ../clib/microlib/init/entry.s            0x00000000   Number         0  entry7b.o ABSOLUTE
    ../clib/microlib/init/entry.s            0x00000000   Number         0  entry7a.o ABSOLUTE
    ../clib/microlib/init/entry.s            0x00000000   Number         0  entry.o ABSOLUTE
    ../clib/microlib/init/entry.s            0x00000000   Number         0  entry8a.o ABSOLUTE
    ../clib/microlib/init/entry.s            0x00000000   Number         0  entry5.o ABSOLUTE
    ../clib/microlib/init/entry.s            0x00000000   Number         0  entry8b.o ABSOLUTE
    ../clib/microlib/init/entry.s            0x00000000   Number         0  entry9a.o ABSOLUTE
    ../clib/microlib/init/entry.s            0x00000000   Number         0  entry9b.o ABSOLUTE
    ../clib/microlib/init/entry.s            0x00000000   Number         0  entry10a.o ABSOLUTE
    ../clib/microlib/init/entry.s            0x00000000   Number         0  entry10b.o ABSOLUTE
    ../clib/microlib/init/entry.s            0x00000000   Number         0  entry11a.o ABSOLUTE
    ../clib/microlib/init/entry.s            0x00000000   Number         0  entry11b.o ABSOLUTE
    ../clib/microlib/longlong.c              0x00000000   Number         0  llushr.o ABSOLUTE
    ../clib/microlib/longlong.c              0x00000000   Number         0  llsshr.o ABSOLUTE
    ../clib/microlib/longlong.c              0x00000000   Number         0  llshl.o ABSOLUTE
    ../clib/microlib/string/strcpy.c         0x00000000   Number         0  strcpy.o ABSOLUTE
    ../clib/microlib/string/strtok.c         0x00000000   Number         0  strtok_r.o ABSOLUTE
    ../clib/microlib/string/strtok.c         0x00000000   Number         0  strtok.o ABSOLUTE
    ../clib/microlib/stubs.s                 0x00000000   Number         0  iusefp.o ABSOLUTE
    ../clib/scanf.c                          0x00000000   Number         0  strtol.o ABSOLUTE
    ../clib/scanf.c                          0x00000000   Number         0  atoi.o ABSOLUTE
    ../clib/scanf.c                          0x00000000   Number         0  _chval.o ABSOLUTE
    ../clib/scanf.c                          0x00000000   Number         0  _strtoul.o ABSOLUTE
    ../fplib/microlib/fpadd.c                0x00000000   Number         0  dadd.o ABSOLUTE
    ../fplib/microlib/fpdiv.c                0x00000000   Number         0  ddiv.o ABSOLUTE
    ../fplib/microlib/fpepilogue.c           0x00000000   Number         0  depilogue.o ABSOLUTE
    ../fplib/microlib/fpfix.c                0x00000000   Number         0  dfixi.o ABSOLUTE
    ../fplib/microlib/fpflt.c                0x00000000   Number         0  dfltui.o ABSOLUTE
    ../fplib/microlib/fpflt.c                0x00000000   Number         0  dflti.o ABSOLUTE
    ../fplib/microlib/fpmul.c                0x00000000   Number         0  dmul.o ABSOLUTE
    ../fplib/microlib/fpscalb.c              0x00000000   Number         0  dscalb.o ABSOLUTE
    ../mathlib/cos.c                         0x00000000   Number         0  cos_x.o ABSOLUTE
    ../mathlib/cos.c                         0x00000000   Number         0  cos.o ABSOLUTE
    ../mathlib/cos_i.c                       0x00000000   Number         0  cos_i.o ABSOLUTE
    ../mathlib/dunder.c                      0x00000000   Number         0  dunder.o ABSOLUTE
    ../mathlib/fpclassify.c                  0x00000000   Number         0  fpclassify.o ABSOLUTE
    ../mathlib/poly.c                        0x00000000   Number         0  poly.o ABSOLUTE
    ../mathlib/rred.c                        0x00000000   Number         0  rred.o ABSOLUTE
    ../mathlib/sin.c                         0x00000000   Number         0  sin.o ABSOLUTE
    ../mathlib/sin.c                         0x00000000   Number         0  sin_x.o ABSOLUTE
    ../mathlib/sin_i.c                       0x00000000   Number         0  sin_i.o ABSOLUTE
    ../mathlib/sin_i.c                       0x00000000   Number         0  sin_i_x.o ABSOLUTE
    Blynk.c                                  0x00000000   Number         0  blynk.o ABSOLUTE
    Clock.c                                  0x00000000   Number         0  clock.o ABSOLUTE
    PLL.c                                    0x00000000   Number         0  pll.o ABSOLUTE
    PortF.c                                  0x00000000   Number         0  portf.o ABSOLUTE
    ST7735.c                                 0x00000000   Number         0  st7735.o ABSOLUTE
    UART.c                                   0x00000000   Number         0  uart.o ABSOLUTE
    buttonDriver.c                           0x00000000   Number         0  buttondriver.o ABSOLUTE
    dc.s                                     0x00000000   Number         0  dc.o ABSOLUTE
    esp8266.c                                0x00000000   Number         0  esp8266.o ABSOLUTE
    handlers.s                               0x00000000   Number         0  handlers.o ABSOLUTE
    init.s                                   0x00000000   Number         0  init.o ABSOLUTE
    speaker.c                                0x00000000   Number         0  speaker.o ABSOLUTE
    startup.s                                0x00000000   Number         0  startup.o ABSOLUTE
    timers.c                                 0x00000000   Number         0  timers.o ABSOLUTE
    .ARM.Collect$$$$00000000                 0x00000294   Section        0  entry.o(.ARM.Collect$$$$00000000)
    .ARM.Collect$$$$00000001                 0x00000294   Section        4  entry2.o(.ARM.Collect$$$$00000001)
    .ARM.Collect$$$$00000004                 0x00000298   Section        4  entry5.o(.ARM.Collect$$$$00000004)
    .ARM.Collect$$$$00000008                 0x0000029c   Section        0  entry7b.o(.ARM.Collect$$$$00000008)
    .ARM.Collect$$$$0000000A                 0x0000029c   Section        0  entry8b.o(.ARM.Collect$$$$0000000A)
    .ARM.Collect$$$$0000000B                 0x0000029c   Section        8  entry9a.o(.ARM.Collect$$$$0000000B)
    .ARM.Collect$$$$0000000D                 0x000002a4   Section        0  entry10a.o(.ARM.Collect$$$$0000000D)
    .ARM.Collect$$$$0000000F                 0x000002a4   Section        0  entry11a.o(.ARM.Collect$$$$0000000F)
    .ARM.Collect$$$$00002712                 0x000002a4   Section        4  entry2.o(.ARM.Collect$$$$00002712)
    __lit__00000000                          0x000002a4   Data           4  entry2.o(.ARM.Collect$$$$00002712)
    .text                                    0x000002a8   Section       28  startup.o(.text)
    .text                                    0x000002c4   Section        0  strcpy.o(.text)
    .text                                    0x000002d8   Section        0  strtok.o(.text)
    .text                                    0x0000031c   Section        0  atoi.o(.text)
    .text                                    0x00000336   Section        0  dadd.o(.text)
    .text                                    0x00000484   Section        0  dmul.o(.text)
    .text                                    0x00000568   Section        0  ddiv.o(.text)
    .text                                    0x00000646   Section        0  dflti.o(.text)
    .text                                    0x00000668   Section        0  dfltui.o(.text)
    .text                                    0x00000682   Section        0  dfixi.o(.text)
    .text                                    0x000006c0   Section        0  llshl.o(.text)
    .text                                    0x000006de   Section        0  llushr.o(.text)
    .text                                    0x000006fe   Section        0  llsshr.o(.text)
    .text                                    0x00000722   Section        0  strtol.o(.text)
    .text                                    0x00000792   Section        0  iusefp.o(.text)
    .text                                    0x00000792   Section        0  depilogue.o(.text)
    .text                                    0x0000084c   Section       36  init.o(.text)
    .text                                    0x00000870   Section        0  ctype_o.o(.text)
    .text                                    0x00000878   Section        0  _strtoul.o(.text)
    .text                                    0x00000916   Section        0  dscalb.o(.text)
    .text                                    0x00000944   Section        0  _chval.o(.text)
    .text                                    0x00000960   Section        0  __dczerorl2.o(.text)
    i.Blynk_to_TM4C                          0x000009b8   Section        0  blynk.o(i.Blynk_to_TM4C)
    i.Delay1ms                               0x00000ac4   Section        0  st7735.o(i.Delay1ms)
    i.DelayMs                                0x00000ae4   Section        0  esp8266.o(i.DelayMs)
    i.ESP8266_GetMessage                     0x00000b04   Section        0  esp8266.o(i.ESP8266_GetMessage)
    i.ESP8266_Init                           0x00000b54   Section        0  esp8266.o(i.ESP8266_Init)
    i.ESP8266_OutChar                        0x00000bdc   Section        0  esp8266.o(i.ESP8266_OutChar)
    i.ESP8266_OutString                      0x00000c10   Section        0  esp8266.o(i.ESP8266_OutString)
    i.ESP8266_OutUDec                        0x00000c28   Section        0  esp8266.o(i.ESP8266_OutUDec)
    i.ESP8266_Reset                          0x00000c54   Section        0  esp8266.o(i.ESP8266_Reset)
    i.ESP8266_SetupWiFi                      0x00000d4c   Section        0  esp8266.o(i.ESP8266_SetupWiFi)
    i.PLL_Init                               0x00000ec4   Section        0  pll.o(i.PLL_Init)
    i.PortF_Init                             0x00000f40   Section        0  portf.o(i.PortF_Init)
    i.PortF_Input                            0x00000f9c   Section        0  portf.o(i.PortF_Input)
    i.PortF_Output                           0x00000fac   Section        0  portf.o(i.PortF_Output)
    i.Rx5Fifo_Init                           0x00000fb8   Section        0  esp8266.o(i.Rx5Fifo_Init)
    i.Rx5Fifo_Put                            0x00000fe4   Section        0  esp8266.o(i.Rx5Fifo_Put)
    i.Rx5Fifo_Size                           0x000010b4   Section        0  esp8266.o(i.Rx5Fifo_Size)
    i.RxFifo_Init                            0x000010c8   Section        0  uart.o(i.RxFifo_Init)
    i.RxFifo_Put                             0x000010ec   Section        0  uart.o(i.RxFifo_Put)
    i.RxFifo_Size                            0x00001128   Section        0  uart.o(i.RxFifo_Size)
    i.ST7735_DrawBitmap                      0x0000113c   Section        0  st7735.o(i.ST7735_DrawBitmap)
    i.ST7735_DrawCharS                       0x0000125c   Section        0  st7735.o(i.ST7735_DrawCharS)
    i.ST7735_DrawLine                        0x00001354   Section        0  st7735.o(i.ST7735_DrawLine)
    i.ST7735_DrawPixel                       0x00001458   Section        0  st7735.o(i.ST7735_DrawPixel)
    i.ST7735_DrawString                      0x000014a0   Section        0  st7735.o(i.ST7735_DrawString)
    i.ST7735_FillRect                        0x000014f8   Section        0  st7735.o(i.ST7735_FillRect)
    i.ST7735_FillScreen                      0x000015a4   Section        0  st7735.o(i.ST7735_FillScreen)
    i.ST7735_InitR                           0x000015c8   Section        0  st7735.o(i.ST7735_InitR)
    i.ST7735_OutChar                         0x00001644   Section        0  st7735.o(i.ST7735_OutChar)
    i.ST7735_OutString                       0x00001718   Section        0  st7735.o(i.ST7735_OutString)
    i.ST7735_OutUDec                         0x00001730   Section        0  st7735.o(i.ST7735_OutUDec)
    i.ST7735_SetCursor                       0x000017bc   Section        0  st7735.o(i.ST7735_SetCursor)
    i.TM4C_to_Blynk                          0x000017dc   Section        0  blynk.o(i.TM4C_to_Blynk)
    i.Timer0A_Handler                        0x00001874   Section        0  timers.o(i.Timer0A_Handler)
    i.Timer0A_Init1HzInt                     0x0000188c   Section        0  timers.o(i.Timer0A_Init1HzInt)
    i.Timer1A_Handler                        0x00001910   Section        0  timers.o(i.Timer1A_Handler)
    i.Timer1_Init                            0x00001928   Section        0  timers.o(i.Timer1_Init)
    i.Timer2A_Handler                        0x000019ac   Section        0  timers.o(i.Timer2A_Handler)
    i.Timer3A_Handler                        0x000019c4   Section        0  timers.o(i.Timer3A_Handler)
    i.Timer3A_Init10kHzInt                   0x000019dc   Section        0  timers.o(i.Timer3A_Init10kHzInt)
    i.Tx5Fifo_Get                            0x00001a64   Section        0  esp8266.o(i.Tx5Fifo_Get)
    i.Tx5Fifo_Init                           0x00001a9c   Section        0  esp8266.o(i.Tx5Fifo_Init)
    i.Tx5Fifo_Put                            0x00001ac0   Section        0  esp8266.o(i.Tx5Fifo_Put)
    i.Tx5Fifo_Size                           0x00001afc   Section        0  esp8266.o(i.Tx5Fifo_Size)
    i.TxFifo_Get                             0x00001b10   Section        0  uart.o(i.TxFifo_Get)
    i.TxFifo_Init                            0x00001b4c   Section        0  uart.o(i.TxFifo_Init)
    i.TxFifo_Put                             0x00001b70   Section        0  uart.o(i.TxFifo_Put)
    i.TxFifo_Size                            0x00001bac   Section        0  uart.o(i.TxFifo_Size)
    i.UART0_Handler                          0x00001bc0   Section        0  uart.o(i.UART0_Handler)
    i.UART5_Handler                          0x00001c18   Section        0  esp8266.o(i.UART5_Handler)
    i.UART5_Init                             0x00001c70   Section        0  esp8266.o(i.UART5_Init)
    i.UART_Init                              0x00001d48   Section        0  uart.o(i.UART_Init)
    i.UART_OutChar                           0x00001e14   Section        0  uart.o(i.UART_OutChar)
    i.UART_OutString                         0x00001e48   Section        0  uart.o(i.UART_OutString)
    i.UART_OutUDec                           0x00001e60   Section        0  uart.o(i.UART_OutUDec)
    i.__ARM_fpclassify                       0x00001e8a   Section        0  fpclassify.o(i.__ARM_fpclassify)
    i.__aeabi_errno_addr                     0x00001eb4   Section        0  errno.o(i.__aeabi_errno_addr)
    i.__ieee754_rem_pio2                     0x00001ebc   Section        0  rred.o(i.__ieee754_rem_pio2)
    i.__kernel_cos                           0x00002244   Section        0  cos_i.o(i.__kernel_cos)
    i.__kernel_poly                          0x00002340   Section        0  poly.o(i.__kernel_poly)
    i.__kernel_sin                           0x000023ec   Section        0  sin_i.o(i.__kernel_sin)
    i.__mathlib_dbl_infnan                   0x000024d8   Section        0  dunder.o(i.__mathlib_dbl_infnan)
    i.__mathlib_dbl_invalid                  0x000024de   Section        0  dunder.o(i.__mathlib_dbl_invalid)
    i.__mathlib_dbl_underflow                0x000024ec   Section        0  dunder.o(i.__mathlib_dbl_underflow)
    i.__scatterload_copy                     0x000024fc   Section       14  handlers.o(i.__scatterload_copy)
    i.__scatterload_null                     0x0000250a   Section        2  handlers.o(i.__scatterload_null)
    i.__scatterload_zeroinit                 0x0000250c   Section       14  handlers.o(i.__scatterload_zeroinit)
    i.__set_errno                            0x0000251c   Section        0  errno.o(i.__set_errno)
    i.buttonInit                             0x00002528   Section        0  buttondriver.o(i.buttonInit)
    i.buttonLogic                            0x000025a0   Section        0  blynk.o(i.buttonLogic)
    i.clearSet                               0x00002730   Section        0  clock.o(i.clearSet)
    i.clockInit                              0x0000274c   Section        0  clock.o(i.clockInit)
    i.clockSetState                          0x00002770   Section        0  clock.o(i.clockSetState)
    i.commandList                            0x00002798   Section        0  st7735.o(i.commandList)
    commandList                              0x00002799   Thumb Code    86  st7735.o(i.commandList)
    i.commonInit                             0x000027f0   Section        0  st7735.o(i.commonInit)
    commonInit                               0x000027f1   Thumb Code   342  st7735.o(i.commonInit)
    i.copyHardwareToSoftware                 0x00002978   Section        0  uart.o(i.copyHardwareToSoftware)
    copyHardwareToSoftware                   0x00002979   Thumb Code    36  uart.o(i.copyHardwareToSoftware)
    i.copyHardwareToSoftware5                0x000029a0   Section        0  esp8266.o(i.copyHardwareToSoftware5)
    copyHardwareToSoftware5                  0x000029a1   Thumb Code    36  esp8266.o(i.copyHardwareToSoftware5)
    i.copySoftwareToHardware                 0x000029c8   Section        0  uart.o(i.copySoftwareToHardware)
    copySoftwareToHardware                   0x000029c9   Thumb Code    38  uart.o(i.copySoftwareToHardware)
    i.copySoftwareToHardware5                0x000029f4   Section        0  esp8266.o(i.copySoftwareToHardware5)
    copySoftwareToHardware5                  0x000029f5   Thumb Code    38  esp8266.o(i.copySoftwareToHardware5)
    i.cos                                    0x00002a20   Section        0  cos.o(i.cos)
    i.delay                                  0x00002abc   Section        0  blynk.o(i.delay)
    i.displayAlarm                           0x00002ad8   Section        0  clock.o(i.displayAlarm)
    i.displayClock                           0x00002b44   Section        0  clock.o(i.displayClock)
    i.fillmessage                            0x00002e08   Section        0  st7735.o(i.fillmessage)
    i.getClockState                          0x00002e50   Section        0  clock.o(i.getClockState)
    i.getStale                               0x00002e64   Section        0  clock.o(i.getStale)
    i.getSubStale                            0x00002e70   Section        0  clock.o(i.getSubStale)
    i.getSunRise                             0x00002e7c   Section        0  blynk.o(i.getSunRise)
    i.isArmed                                0x00002f3c   Section        0  clock.o(i.isArmed)
    i.main                                   0x00002f48   Section        0  blynk.o(i.main)
    i.pushColor                              0x0000306c   Section        0  st7735.o(i.pushColor)
    pushColor                                0x0000306d   Thumb Code    18  st7735.o(i.pushColor)
    i.setAddrWindow                          0x00003080   Section        0  st7735.o(i.setAddrWindow)
    setAddrWindow                            0x00003081   Thumb Code   106  st7735.o(i.setAddrWindow)
    i.setFreq                                0x000030f4   Section        0  speaker.o(i.setFreq)
    i.sin                                    0x00003124   Section        0  sin.o(i.sin)
    i.speakerInit                            0x000031c4   Section        0  speaker.o(i.speakerInit)
    i.speakerStart                           0x00003230   Section        0  speaker.o(i.speakerStart)
    i.speakerStop                            0x00003244   Section        0  speaker.o(i.speakerStop)
    i.speakerWork                            0x00003258   Section        0  speaker.o(i.speakerWork)
    i.swap                                   0x000032e0   Section        0  st7735.o(i.swap)
    i.tickClock                              0x000032ec   Section        0  clock.o(i.tickClock)
    i.toggleAlarm                            0x0000339c   Section        0  clock.o(i.toggleAlarm)
    i.updateClock                            0x000033ec   Section        0  clock.o(i.updateClock)
    i.writecommand                           0x00003424   Section        0  st7735.o(i.writecommand)
    writecommand                             0x00003425   Thumb Code    40  st7735.o(i.writecommand)
    i.writedata                              0x00003454   Section        0  st7735.o(i.writedata)
    writedata                                0x00003455   Thumb Code    26  st7735.o(i.writedata)
    .constdata                               0x00003478   Section     2018  st7735.o(.constdata)
    Font                                     0x00003478   Data        1275  st7735.o(.constdata)
    Bcmd                                     0x00003973   Data         103  st7735.o(.constdata)
    Rcmd1                                    0x000039da   Data          59  st7735.o(.constdata)
    Rcmd2green                               0x00003a15   Data          13  st7735.o(.constdata)
    Rcmd2red                                 0x00003a22   Data          13  st7735.o(.constdata)
    Rcmd3                                    0x00003a2f   Data          43  st7735.o(.constdata)
    .constdata                               0x00003c5a   Section    12800  clock.o(.constdata)
    .constdata                               0x00006e60   Section       48  cos_i.o(.constdata)
    C                                        0x00006e60   Data          48  cos_i.o(.constdata)
    .constdata                               0x00006e90   Section      200  rred.o(.constdata)
    pio2s                                    0x00006e90   Data          48  rred.o(.constdata)
    twooverpi                                0x00006ec0   Data         152  rred.o(.constdata)
    .constdata                               0x00006f58   Section       40  sin_i.o(.constdata)
    S                                        0x00006f58   Data          40  sin_i.o(.constdata)
    .constdata                               0x00006f80   Section      129  ctype_o.o(.constdata)
    .constdata                               0x00007004   Section        4  ctype_o.o(.constdata)
    table                                    0x00007004   Data           4  ctype_o.o(.constdata)
    .data                                    0x20000000   Section       16  uart.o(.data)
    .data                                    0x20000010   Section       72  blynk.o(.data)
    .data                                    0x20000058   Section       44  st7735.o(.data)
    ColStart                                 0x20000062   Data           1  st7735.o(.data)
    RowStart                                 0x20000063   Data           1  st7735.o(.data)
    Rotation                                 0x20000064   Data           1  st7735.o(.data)
    TabColor                                 0x20000065   Data           1  st7735.o(.data)
    _width                                   0x20000066   Data           2  st7735.o(.data)
    _height                                  0x20000068   Data           2  st7735.o(.data)
    .data                                    0x20000084   Section      148  esp8266.o(.data)
    .data                                    0x20000118   Section        1  buttondriver.o(.data)
    INPUT_MASK                               0x20000118   Data           1  buttondriver.o(.data)
    .data                                    0x2000011a   Section       18  clock.o(.data)
    minutes                                  0x2000011a   Data           1  clock.o(.data)
    hours                                    0x2000011b   Data           1  clock.o(.data)
    sec                                      0x2000011c   Data           1  clock.o(.data)
    armed                                    0x2000011d   Data           1  clock.o(.data)
    isStale                                  0x2000011e   Data           1  clock.o(.data)
    subStale                                 0x2000011f   Data           1  clock.o(.data)
    CenterX                                  0x20000120   Data           2  clock.o(.data)
    CenterY                                  0x20000122   Data           2  clock.o(.data)
    Rad                                      0x20000124   Data           2  clock.o(.data)
    RadH                                     0x20000126   Data           2  clock.o(.data)
    alarmH                                   0x20000128   Data           2  clock.o(.data)
    alarmM                                   0x2000012a   Data           2  clock.o(.data)
    .data                                    0x2000012c   Section       32  speaker.o(.data)
    ALARM_SONG                               0x2000012c   Data          24  speaker.o(.data)
    counter                                  0x20000144   Data           4  speaker.o(.data)
    index                                    0x20000148   Data           4  speaker.o(.data)
    .data                                    0x2000014c   Section       16  timers.o(.data)
    .data                                    0x2000015c   Section        4  strtok.o(.data)
    state                                    0x2000015c   Data           4  strtok.o(.data)
    .data                                    0x20000160   Section        4  errno.o(.data)
    _errno                                   0x20000160   Data           4  errno.o(.data)
    .bss                                     0x20000164   Section      128  uart.o(.bss)
    RxFifo                                   0x20000164   Data          64  uart.o(.bss)
    TxFifo                                   0x200001a4   Data          64  uart.o(.bss)
    .bss                                     0x200001e4   Section      192  blynk.o(.bss)
    .bss                                     0x200002a4   Section     8220  st7735.o(.bss)
    .bss                                     0x200022c0   Section      832  esp8266.o(.bss)
    Tx5Fifo                                  0x20002500   Data         256  esp8266.o(.bss)
    STACK                                    0x20002600   Section     1024  startup.o(STACK)
    StackMem                                 0x20002600   Data           0  startup.o(STACK)

    Global Symbols

    Symbol Name                              Value     Ov Type        Size  Object(Section)

    BuildAttributes$$THM_ISAv4$E$P$D$K$B$S$7EM$PE$A:L22UL41UL21$X:L11$S22US41US21$IEEE1$IW$USESV6$~STKCKD$USESV7$~SHL$OTIME$ROPI$IEEEX$EBA8$MICROLIB$REQ8$PRES8$EABIv2 0x00000000   Number         0  anon$$obj.o ABSOLUTE
    __ARM_use_no_argv                        0x00000000   Number         0  blynk.o ABSOLUTE
    __Vectors                                0x00000000   Data           0  startup.o(RESET)
    __cpp_initialize__aeabi_                  - Undefined Weak Reference
    __cxa_finalize                            - Undefined Weak Reference
    _clock_init                               - Undefined Weak Reference
    _microlib_exit                            - Undefined Weak Reference
    Reset_Handler                            0x0000026d   Thumb Code     0  startup.o(RESET)
    NMI_Handler                              0x00000281   Thumb Code     2  startup.o(RESET)
    HardFault_Handler                        0x00000283   Thumb Code     2  startup.o(RESET)
    MemManage_Handler                        0x00000285   Thumb Code     2  startup.o(RESET)
    BusFault_Handler                         0x00000287   Thumb Code     2  startup.o(RESET)
    UsageFault_Handler                       0x00000289   Thumb Code     2  startup.o(RESET)
    SVC_Handler                              0x0000028b   Thumb Code     2  startup.o(RESET)
    DebugMon_Handler                         0x0000028d   Thumb Code     2  startup.o(RESET)
    PendSV_Handler                           0x0000028f   Thumb Code     2  startup.o(RESET)
    SysTick_Handler                          0x00000291   Thumb Code     2  startup.o(RESET)
    ADC0Seq0_Handler                         0x00000293   Thumb Code     0  startup.o(RESET)
    ADC0Seq1_Handler                         0x00000293   Thumb Code     0  startup.o(RESET)
    ADC0Seq2_Handler                         0x00000293   Thumb Code     0  startup.o(RESET)
    ADC0Seq3_Handler                         0x00000293   Thumb Code     0  startup.o(RESET)
    ADC1Seq0_Handler                         0x00000293   Thumb Code     0  startup.o(RESET)
    ADC1Seq1_Handler                         0x00000293   Thumb Code     0  startup.o(RESET)
    ADC1Seq2_Handler                         0x00000293   Thumb Code     0  startup.o(RESET)
    ADC1Seq3_Handler                         0x00000293   Thumb Code     0  startup.o(RESET)
    CAN0_Handler                             0x00000293   Thumb Code     0  startup.o(RESET)
    CAN1_Handler                             0x00000293   Thumb Code     0  startup.o(RESET)
    CAN2_Handler                             0x00000293   Thumb Code     0  startup.o(RESET)
    Comp0_Handler                            0x00000293   Thumb Code     0  startup.o(RESET)
    Comp1_Handler                            0x00000293   Thumb Code     0  startup.o(RESET)
    Comp2_Handler                            0x00000293   Thumb Code     0  startup.o(RESET)
    Ethernet_Handler                         0x00000293   Thumb Code     0  startup.o(RESET)
    ExtBus_Handler                           0x00000293   Thumb Code     0  startup.o(RESET)
    FPU_Handler                              0x00000293   Thumb Code     0  startup.o(RESET)
    Fan0_Handler                             0x00000293   Thumb Code     0  startup.o(RESET)
    FlashCtl_Handler                         0x00000293   Thumb Code     0  startup.o(RESET)
    GPIOPortA_Handler                        0x00000293   Thumb Code     0  startup.o(RESET)
    GPIOPortB_Handler                        0x00000293   Thumb Code     0  startup.o(RESET)
    GPIOPortC_Handler                        0x00000293   Thumb Code     0  startup.o(RESET)
    GPIOPortD_Handler                        0x00000293   Thumb Code     0  startup.o(RESET)
    GPIOPortE_Handler                        0x00000293   Thumb Code     0  startup.o(RESET)
    GPIOPortF_Handler                        0x00000293   Thumb Code     0  startup.o(RESET)
    GPIOPortG_Handler                        0x00000293   Thumb Code     0  startup.o(RESET)
    GPIOPortH_Handler                        0x00000293   Thumb Code     0  startup.o(RESET)
    GPIOPortJ_Handler                        0x00000293   Thumb Code     0  startup.o(RESET)
    GPIOPortK_Handler                        0x00000293   Thumb Code     0  startup.o(RESET)
    GPIOPortL_Handler                        0x00000293   Thumb Code     0  startup.o(RESET)
    GPIOPortM_Handler                        0x00000293   Thumb Code     0  startup.o(RESET)
    GPIOPortN_Handler                        0x00000293   Thumb Code     0  startup.o(RESET)
    GPIOPortP1_Handler                       0x00000293   Thumb Code     0  startup.o(RESET)
    GPIOPortP2_Handler                       0x00000293   Thumb Code     0  startup.o(RESET)
    GPIOPortP3_Handler                       0x00000293   Thumb Code     0  startup.o(RESET)
    GPIOPortP4_Handler                       0x00000293   Thumb Code     0  startup.o(RESET)
    GPIOPortP5_Handler                       0x00000293   Thumb Code     0  startup.o(RESET)
    GPIOPortP6_Handler                       0x00000293   Thumb Code     0  startup.o(RESET)
    GPIOPortP7_Handler                       0x00000293   Thumb Code     0  startup.o(RESET)
    GPIOPortP_Handler                        0x00000293   Thumb Code     0  startup.o(RESET)
    GPIOPortQ1_Handler                       0x00000293   Thumb Code     0  startup.o(RESET)
    GPIOPortQ2_Handler                       0x00000293   Thumb Code     0  startup.o(RESET)
    GPIOPortQ3_Handler                       0x00000293   Thumb Code     0  startup.o(RESET)
    GPIOPortQ4_Handler                       0x00000293   Thumb Code     0  startup.o(RESET)
    GPIOPortQ5_Handler                       0x00000293   Thumb Code     0  startup.o(RESET)
    GPIOPortQ6_Handler                       0x00000293   Thumb Code     0  startup.o(RESET)
    GPIOPortQ7_Handler                       0x00000293   Thumb Code     0  startup.o(RESET)
    GPIOPortQ_Handler                        0x00000293   Thumb Code     0  startup.o(RESET)
    GPIOPortR_Handler                        0x00000293   Thumb Code     0  startup.o(RESET)
    GPIOPortS_Handler                        0x00000293   Thumb Code     0  startup.o(RESET)
    Hibernate_Handler                        0x00000293   Thumb Code     0  startup.o(RESET)
    I2C0_Handler                             0x00000293   Thumb Code     0  startup.o(RESET)
    I2C1_Handler                             0x00000293   Thumb Code     0  startup.o(RESET)
    I2C2_Handler                             0x00000293   Thumb Code     0  startup.o(RESET)
    I2C3_Handler                             0x00000293   Thumb Code     0  startup.o(RESET)
    I2C4_Handler                             0x00000293   Thumb Code     0  startup.o(RESET)
    I2C5_Handler                             0x00000293   Thumb Code     0  startup.o(RESET)
    I2S0_Handler                             0x00000293   Thumb Code     0  startup.o(RESET)
    LPC0_Handler                             0x00000293   Thumb Code     0  startup.o(RESET)
    PECI0_Handler                            0x00000293   Thumb Code     0  startup.o(RESET)
    PWM0Fault_Handler                        0x00000293   Thumb Code     0  startup.o(RESET)
    PWM0Generator0_Handler                   0x00000293   Thumb Code     0  startup.o(RESET)
    PWM0Generator1_Handler                   0x00000293   Thumb Code     0  startup.o(RESET)
    PWM0Generator2_Handler                   0x00000293   Thumb Code     0  startup.o(RESET)
    PWM0Generator3_Handler                   0x00000293   Thumb Code     0  startup.o(RESET)
    PWM1Fault_Handler                        0x00000293   Thumb Code     0  startup.o(RESET)
    PWM1Generator0_Handler                   0x00000293   Thumb Code     0  startup.o(RESET)
    PWM1Generator1_Handler                   0x00000293   Thumb Code     0  startup.o(RESET)
    PWM1Generator2_Handler                   0x00000293   Thumb Code     0  startup.o(RESET)
    PWM1Generator3_Handler                   0x00000293   Thumb Code     0  startup.o(RESET)
    Quadrature0_Handler                      0x00000293   Thumb Code     0  startup.o(RESET)
    Quadrature1_Handler                      0x00000293   Thumb Code     0  startup.o(RESET)
    Quadrature2_Handler                      0x00000293   Thumb Code     0  startup.o(RESET)
    SSI0_Handler                             0x00000293   Thumb Code     0  startup.o(RESET)
    SSI1_Handler                             0x00000293   Thumb Code     0  startup.o(RESET)
    SSI2_Handler                             0x00000293   Thumb Code     0  startup.o(RESET)
    SSI3_Handler                             0x00000293   Thumb Code     0  startup.o(RESET)
    SysCtl_Handler                           0x00000293   Thumb Code     0  startup.o(RESET)
    Timer0B_Handler                          0x00000293   Thumb Code     0  startup.o(RESET)
    Timer1B_Handler                          0x00000293   Thumb Code     0  startup.o(RESET)
    Timer2B_Handler                          0x00000293   Thumb Code     0  startup.o(RESET)
    Timer3B_Handler                          0x00000293   Thumb Code     0  startup.o(RESET)
    Timer4A_Handler                          0x00000293   Thumb Code     0  startup.o(RESET)
    Timer4B_Handler                          0x00000293   Thumb Code     0  startup.o(RESET)
    Timer5A_Handler                          0x00000293   Thumb Code     0  startup.o(RESET)
    Timer5B_Handler                          0x00000293   Thumb Code     0  startup.o(RESET)
    UART1_Handler                            0x00000293   Thumb Code     0  startup.o(RESET)
    UART2_Handler                            0x00000293   Thumb Code     0  startup.o(RESET)
    UART3_Handler                            0x00000293   Thumb Code     0  startup.o(RESET)
    UART4_Handler                            0x00000293   Thumb Code     0  startup.o(RESET)
    UART6_Handler                            0x00000293   Thumb Code     0  startup.o(RESET)
    UART7_Handler                            0x00000293   Thumb Code     0  startup.o(RESET)
    USB0_Handler                             0x00000293   Thumb Code     0  startup.o(RESET)
    WDT_Handler                              0x00000293   Thumb Code     0  startup.o(RESET)
    WideTimer0A_Handler                      0x00000293   Thumb Code     0  startup.o(RESET)
    WideTimer0B_Handler                      0x00000293   Thumb Code     0  startup.o(RESET)
    WideTimer1A_Handler                      0x00000293   Thumb Code     0  startup.o(RESET)
    WideTimer1B_Handler                      0x00000293   Thumb Code     0  startup.o(RESET)
    WideTimer2A_Handler                      0x00000293   Thumb Code     0  startup.o(RESET)
    WideTimer2B_Handler                      0x00000293   Thumb Code     0  startup.o(RESET)
    WideTimer3A_Handler                      0x00000293   Thumb Code     0  startup.o(RESET)
    WideTimer3B_Handler                      0x00000293   Thumb Code     0  startup.o(RESET)
    WideTimer4A_Handler                      0x00000293   Thumb Code     0  startup.o(RESET)
    WideTimer4B_Handler                      0x00000293   Thumb Code     0  startup.o(RESET)
    WideTimer5A_Handler                      0x00000293   Thumb Code     0  startup.o(RESET)
    WideTimer5B_Handler                      0x00000293   Thumb Code     0  startup.o(RESET)
    uDMA_Error                               0x00000293   Thumb Code     0  startup.o(RESET)
    uDMA_Handler                             0x00000293   Thumb Code     0  startup.o(RESET)
    __main                                   0x00000295   Thumb Code     0  entry.o(.ARM.Collect$$$$00000000)
    _main_stk                                0x00000295   Thumb Code     0  entry2.o(.ARM.Collect$$$$00000001)
    _main_scatterload                        0x00000299   Thumb Code     0  entry5.o(.ARM.Collect$$$$00000004)
    __main_after_scatterload                 0x0000029d   Thumb Code     0  entry5.o(.ARM.Collect$$$$00000004)
    _main_clock                              0x0000029d   Thumb Code     0  entry7b.o(.ARM.Collect$$$$00000008)
    _main_cpp_init                           0x0000029d   Thumb Code     0  entry8b.o(.ARM.Collect$$$$0000000A)
    _main_init                               0x0000029d   Thumb Code     0  entry9a.o(.ARM.Collect$$$$0000000B)
    __rt_final_cpp                           0x000002a5   Thumb Code     0  entry10a.o(.ARM.Collect$$$$0000000D)
    __rt_final_exit                          0x000002a5   Thumb Code     0  entry11a.o(.ARM.Collect$$$$0000000F)
    DisableInterrupts                        0x000002a9   Thumb Code     0  startup.o(.text)
    EnableInterrupts                         0x000002ad   Thumb Code     0  startup.o(.text)
    StartCritical                            0x000002b1   Thumb Code     0  startup.o(.text)
    EndCritical                              0x000002b9   Thumb Code     0  startup.o(.text)
    WaitForInterrupt                         0x000002bf   Thumb Code     0  startup.o(.text)
    strcpy                                   0x000002c5   Thumb Code    18  strcpy.o(.text)
    strtok                                   0x000002d9   Thumb Code    62  strtok.o(.text)
    atoi                                     0x0000031d   Thumb Code    26  atoi.o(.text)
    __aeabi_dadd                             0x00000337   Thumb Code   322  dadd.o(.text)
    __aeabi_dsub                             0x00000479   Thumb Code     6  dadd.o(.text)
    __aeabi_drsub                            0x0000047f   Thumb Code     6  dadd.o(.text)
    __aeabi_dmul                             0x00000485   Thumb Code   228  dmul.o(.text)
    __aeabi_ddiv                             0x00000569   Thumb Code   222  ddiv.o(.text)
    __aeabi_i2d                              0x00000647   Thumb Code    34  dflti.o(.text)
    __aeabi_ui2d                             0x00000669   Thumb Code    26  dfltui.o(.text)
    __aeabi_d2iz                             0x00000683   Thumb Code    62  dfixi.o(.text)
    __aeabi_llsl                             0x000006c1   Thumb Code    30  llshl.o(.text)
    _ll_shift_l                              0x000006c1   Thumb Code     0  llshl.o(.text)
    __aeabi_llsr                             0x000006df   Thumb Code    32  llushr.o(.text)
    _ll_ushift_r                             0x000006df   Thumb Code     0  llushr.o(.text)
    __aeabi_lasr                             0x000006ff   Thumb Code    36  llsshr.o(.text)
    _ll_sshift_r                             0x000006ff   Thumb Code     0  llsshr.o(.text)
    strtol                                   0x00000723   Thumb Code   112  strtol.o(.text)
    __I$use$fp                               0x00000793   Thumb Code     0  iusefp.o(.text)
    _double_round                            0x00000793   Thumb Code    30  depilogue.o(.text)
    _double_epilogue                         0x000007b1   Thumb Code   156  depilogue.o(.text)
    __scatterload                            0x0000084d   Thumb Code    28  init.o(.text)
    __scatterload_rt2                        0x0000084d   Thumb Code     0  init.o(.text)
    __rt_ctype_table                         0x00000871   Thumb Code     4  ctype_o.o(.text)
    _strtoul                                 0x00000879   Thumb Code   158  _strtoul.o(.text)
    __ARM_scalbn                             0x00000917   Thumb Code    46  dscalb.o(.text)
    scalbn                                   0x00000917   Thumb Code     0  dscalb.o(.text)
    _chval                                   0x00000945   Thumb Code    28  _chval.o(.text)
    __decompress                             0x00000961   Thumb Code     0  __dczerorl2.o(.text)
    __decompress1                            0x00000961   Thumb Code    86  __dczerorl2.o(.text)
    Blynk_to_TM4C                            0x000009b9   Thumb Code   180  blynk.o(i.Blynk_to_TM4C)
    Delay1ms                                 0x00000ac5   Thumb Code    32  st7735.o(i.Delay1ms)
    DelayMs                                  0x00000ae5   Thumb Code    32  esp8266.o(i.DelayMs)
    ESP8266_GetMessage                       0x00000b05   Thumb Code    66  esp8266.o(i.ESP8266_GetMessage)
    ESP8266_Init                             0x00000b55   Thumb Code   120  esp8266.o(i.ESP8266_Init)
    ESP8266_OutChar                          0x00000bdd   Thumb Code    46  esp8266.o(i.ESP8266_OutChar)
    ESP8266_OutString                        0x00000c11   Thumb Code    24  esp8266.o(i.ESP8266_OutString)
    ESP8266_OutUDec                          0x00000c29   Thumb Code    42  esp8266.o(i.ESP8266_OutUDec)
    ESP8266_Reset                            0x00000c55   Thumb Code    68  esp8266.o(i.ESP8266_Reset)
    ESP8266_SetupWiFi                        0x00000d4d   Thumb Code   182  esp8266.o(i.ESP8266_SetupWiFi)
    PLL_Init                                 0x00000ec5   Thumb Code   120  pll.o(i.PLL_Init)
    PortF_Init                               0x00000f41   Thumb Code    74  portf.o(i.PortF_Init)
    PortF_Input                              0x00000f9d   Thumb Code    10  portf.o(i.PortF_Input)
    PortF_Output                             0x00000fad   Thumb Code     6  portf.o(i.PortF_Output)
    Rx5Fifo_Init                             0x00000fb9   Thumb Code    30  esp8266.o(i.Rx5Fifo_Init)
    Rx5Fifo_Put                              0x00000fe5   Thumb Code   192  esp8266.o(i.Rx5Fifo_Put)
    Rx5Fifo_Size                             0x000010b5   Thumb Code    12  esp8266.o(i.Rx5Fifo_Size)
    RxFifo_Init                              0x000010c9   Thumb Code    26  uart.o(i.RxFifo_Init)
    RxFifo_Put                               0x000010ed   Thumb Code    48  uart.o(i.RxFifo_Put)
    RxFifo_Size                              0x00001129   Thumb Code    12  uart.o(i.RxFifo_Size)
    ST7735_DrawBitmap                        0x0000113d   Thumb Code   280  st7735.o(i.ST7735_DrawBitmap)
    ST7735_DrawCharS                         0x0000125d   Thumb Code   236  st7735.o(i.ST7735_DrawCharS)
    ST7735_DrawLine                          0x00001355   Thumb Code   258  st7735.o(i.ST7735_DrawLine)
    ST7735_DrawPixel                         0x00001459   Thumb Code    64  st7735.o(i.ST7735_DrawPixel)
    ST7735_DrawString                        0x000014a1   Thumb Code    86  st7735.o(i.ST7735_DrawString)
    ST7735_FillRect                          0x000014f9   Thumb Code   164  st7735.o(i.ST7735_FillRect)
    ST7735_FillScreen                        0x000015a5   Thumb Code    28  st7735.o(i.ST7735_FillScreen)
    ST7735_InitR                             0x000015c9   Thumb Code    90  st7735.o(i.ST7735_InitR)
    ST7735_OutChar                           0x00001645   Thumb Code   176  st7735.o(i.ST7735_OutChar)
    ST7735_OutString                         0x00001719   Thumb Code    24  st7735.o(i.ST7735_OutString)
    ST7735_OutUDec                           0x00001731   Thumb Code   118  st7735.o(i.ST7735_OutUDec)
    ST7735_SetCursor                         0x000017bd   Thumb Code    22  st7735.o(i.ST7735_SetCursor)
    TM4C_to_Blynk                            0x000017dd   Thumb Code   110  blynk.o(i.TM4C_to_Blynk)
    Timer0A_Handler                          0x00001875   Thumb Code    16  timers.o(i.Timer0A_Handler)
    Timer0A_Init1HzInt                       0x0000188d   Thumb Code   108  timers.o(i.Timer0A_Init1HzInt)
    Timer1A_Handler                          0x00001911   Thumb Code    16  timers.o(i.Timer1A_Handler)
    Timer1_Init                              0x00001929   Thumb Code   112  timers.o(i.Timer1_Init)
    Timer2A_Handler                          0x000019ad   Thumb Code    16  timers.o(i.Timer2A_Handler)
    Timer3A_Handler                          0x000019c5   Thumb Code    16  timers.o(i.Timer3A_Handler)
    Timer3A_Init10kHzInt                     0x000019dd   Thumb Code   114  timers.o(i.Timer3A_Init10kHzInt)
    Tx5Fifo_Get                              0x00001a65   Thumb Code    44  esp8266.o(i.Tx5Fifo_Get)
    Tx5Fifo_Init                             0x00001a9d   Thumb Code    26  esp8266.o(i.Tx5Fifo_Init)
    Tx5Fifo_Put                              0x00001ac1   Thumb Code    46  esp8266.o(i.Tx5Fifo_Put)
    Tx5Fifo_Size                             0x00001afd   Thumb Code    12  esp8266.o(i.Tx5Fifo_Size)
    TxFifo_Get                               0x00001b11   Thumb Code    46  uart.o(i.TxFifo_Get)
    TxFifo_Init                              0x00001b4d   Thumb Code    26  uart.o(i.TxFifo_Init)
    TxFifo_Put                               0x00001b71   Thumb Code    48  uart.o(i.TxFifo_Put)
    TxFifo_Size                              0x00001bad   Thumb Code    12  uart.o(i.TxFifo_Size)
    UART0_Handler                            0x00001bc1   Thumb Code    82  uart.o(i.UART0_Handler)
    UART5_Handler                            0x00001c19   Thumb Code    82  esp8266.o(i.UART5_Handler)
    UART5_Init                               0x00001c71   Thumb Code   190  esp8266.o(i.UART5_Init)
    UART_Init                                0x00001d49   Thumb Code   180  uart.o(i.UART_Init)
    UART_OutChar                             0x00001e15   Thumb Code    46  uart.o(i.UART_OutChar)
    UART_OutString                           0x00001e49   Thumb Code    24  uart.o(i.UART_OutString)
    UART_OutUDec                             0x00001e61   Thumb Code    42  uart.o(i.UART_OutUDec)
    __ARM_fpclassify                         0x00001e8b   Thumb Code    40  fpclassify.o(i.__ARM_fpclassify)
    __aeabi_errno_addr                       0x00001eb5   Thumb Code     4  errno.o(i.__aeabi_errno_addr)
    __rt_errno_addr                          0x00001eb5   Thumb Code     0  errno.o(i.__aeabi_errno_addr)
    __ieee754_rem_pio2                       0x00001ebd   Thumb Code   828  rred.o(i.__ieee754_rem_pio2)
    __kernel_cos                             0x00002245   Thumb Code   230  cos_i.o(i.__kernel_cos)
    __kernel_poly                            0x00002341   Thumb Code   170  poly.o(i.__kernel_poly)
    __kernel_sin                             0x000023ed   Thumb Code   224  sin_i.o(i.__kernel_sin)
    __mathlib_dbl_infnan                     0x000024d9   Thumb Code     6  dunder.o(i.__mathlib_dbl_infnan)
    __mathlib_dbl_invalid                    0x000024df   Thumb Code    12  dunder.o(i.__mathlib_dbl_invalid)
    __mathlib_dbl_underflow                  0x000024ed   Thumb Code    10  dunder.o(i.__mathlib_dbl_underflow)
    __scatterload_copy                       0x000024fd   Thumb Code    14  handlers.o(i.__scatterload_copy)
    __scatterload_null                       0x0000250b   Thumb Code     2  handlers.o(i.__scatterload_null)
    __scatterload_zeroinit                   0x0000250d   Thumb Code    14  handlers.o(i.__scatterload_zeroinit)
    __set_errno                              0x0000251d   Thumb Code     6  errno.o(i.__set_errno)
    buttonInit                               0x00002529   Thumb Code    98  buttondriver.o(i.buttonInit)
    buttonLogic                              0x000025a1   Thumb Code   362  blynk.o(i.buttonLogic)
    clearSet                                 0x00002731   Thumb Code    18  clock.o(i.clearSet)
    clockInit                                0x0000274d   Thumb Code    26  clock.o(i.clockInit)
    clockSetState                            0x00002771   Thumb Code    22  clock.o(i.clockSetState)
    cos                                      0x00002a21   Thumb Code   148  cos.o(i.cos)
    delay                                    0x00002abd   Thumb Code    24  blynk.o(i.delay)
    displayAlarm                             0x00002ad9   Thumb Code    88  clock.o(i.displayAlarm)
    displayClock                             0x00002b45   Thumb Code   652  clock.o(i.displayClock)
    fillmessage                              0x00002e09   Thumb Code    64  st7735.o(i.fillmessage)
    getClockState                            0x00002e51   Thumb Code    12  clock.o(i.getClockState)
    getStale                                 0x00002e65   Thumb Code     6  clock.o(i.getStale)
    getSubStale                              0x00002e71   Thumb Code     6  clock.o(i.getSubStale)
    getSunRise                               0x00002e7d   Thumb Code   148  blynk.o(i.getSunRise)
    isArmed                                  0x00002f3d   Thumb Code     6  clock.o(i.isArmed)
    main                                     0x00002f49   Thumb Code   238  blynk.o(i.main)
    setFreq                                  0x000030f5   Thumb Code    36  speaker.o(i.setFreq)
    sin                                      0x00003125   Thumb Code   150  sin.o(i.sin)
    speakerInit                              0x000031c5   Thumb Code    90  speaker.o(i.speakerInit)
    speakerStart                             0x00003231   Thumb Code    14  speaker.o(i.speakerStart)
    speakerStop                              0x00003245   Thumb Code    14  speaker.o(i.speakerStop)
    speakerWork                              0x00003259   Thumb Code   110  speaker.o(i.speakerWork)
    swap                                     0x000032e1   Thumb Code    12  st7735.o(i.swap)
    tickClock                                0x000032ed   Thumb Code   146  clock.o(i.tickClock)
    toggleAlarm                              0x0000339d   Thumb Code    52  clock.o(i.toggleAlarm)
    updateClock                              0x000033ed   Thumb Code    36  clock.o(i.updateClock)
    dBfs                                     0x00003a5a   Data         512  st7735.o(.constdata)
    clockFace                                0x00003c5a   Data       12800  clock.o(.constdata)
    __ctype_table                            0x00006f80   Data         129  ctype_o.o(.constdata)
    Region$$Table$$Base                      0x00007008   Number         0  anon$$obj.o(Region$$Table)
    Region$$Table$$Limit                     0x00007028   Number         0  anon$$obj.o(Region$$Table)
    RxPutI                                   0x20000000   Data           4  uart.o(.data)
    RxGetI                                   0x20000004   Data           4  uart.o(.data)
    TxPutI                                   0x20000008   Data           4  uart.o(.data)
    TxGetI                                   0x2000000c   Data           4  uart.o(.data)
    LED                                      0x20000010   Data           4  blynk.o(.data)
    LastF                                    0x20000014   Data           4  blynk.o(.data)
    Pin_Number                               0x20000018   Data           2  blynk.o(.data)
    Pin_Integer                              0x2000001a   Data           8  blynk.o(.data)
    Pin_Float                                0x20000022   Data           8  blynk.o(.data)
    pin_num                                  0x2000002c   Data           4  blynk.o(.data)
    pin_int                                  0x20000030   Data           4  blynk.o(.data)
    lastp                                    0x20000034   Data           4  blynk.o(.data)
    lastv                                    0x20000038   Data           4  blynk.o(.data)
    lastpp                                   0x2000003c   Data           4  blynk.o(.data)
    lastpv                                   0x20000040   Data           4  blynk.o(.data)
    off                                      0x20000044   Data           1  blynk.o(.data)
    isAInput                                 0x20000048   Data           4  blynk.o(.data)
    isCInput                                 0x2000004c   Data           4  blynk.o(.data)
    hour                                     0x20000050   Data           4  blynk.o(.data)
    min                                      0x20000054   Data           4  blynk.o(.data)
    StX                                      0x20000058   Data           4  st7735.o(.data)
    StY                                      0x2000005c   Data           4  st7735.o(.data)
    StTextColor                              0x20000060   Data           2  st7735.o(.data)
    Messageindex                             0x2000006c   Data           4  st7735.o(.data)
    Ymax                                     0x20000070   Data           4  st7735.o(.data)
    Ymin                                     0x20000074   Data           4  st7735.o(.data)
    X                                        0x20000078   Data           4  st7735.o(.data)
    Yrange                                   0x2000007c   Data           4  st7735.o(.data)
    lastj                                    0x20000080   Data           4  st7735.o(.data)
    ssid                                     0x20000084   Data          32  esp8266.o(.data)
    pass                                     0x200000a4   Data          32  esp8266.o(.data)
    auth                                     0x200000c4   Data          64  esp8266.o(.data)
    Rx5PutI                                  0x20000104   Data           4  esp8266.o(.data)
    Rx5PutJ                                  0x20000108   Data           4  esp8266.o(.data)
    Rx5GetI                                  0x2000010c   Data           4  esp8266.o(.data)
    Tx5PutI                                  0x20000110   Data           4  esp8266.o(.data)
    Tx5GetI                                  0x20000114   Data           4  esp8266.o(.data)
    timer0A_Func                             0x2000014c   Data           4  timers.o(.data)
    timer1A_Func                             0x20000150   Data           4  timers.o(.data)
    timer2A_Func                             0x20000154   Data           4  timers.o(.data)
    timer3A_Func                             0x20000158   Data           4  timers.o(.data)
    serial_buf                               0x200001e4   Data          64  blynk.o(.bss)
    Pin_String                               0x20000224   Data         128  blynk.o(.bss)
    currentPlotParams                        0x200002a4   Data          16  st7735.o(.bss)
    Message                                  0x200002b4   Data          12  st7735.o(.bss)
    plot_data                                0x200002c0   Data        8192  st7735.o(.bss)
    Rx5Fifo                                  0x200022c0   Data         512  esp8266.o(.bss)
    RxMessage                                0x200024c0   Data          64  esp8266.o(.bss)
    __initial_sp                             0x20002a00   Data           0  startup.o(STACK)



==============================================================================

Memory Map of the image

  Image Entry point : 0x0000026d

  Load Region LR_1 (Base: 0x00000000, Size: 0x0000718c, Max: 0xffffffff, ABSOLUTE, COMPRESSED[0x000070ac])

    Execution Region ER_RO (Exec base: 0x00000000, Load base: 0x00000000, Size: 0x00007028, Max: 0xffffffff, ABSOLUTE)

    Exec Addr    Load Addr    Size         Type   Attr      Idx    E Section Name        Object

    0x00000000   0x00000000   0x00000294   Code   RO            3  * RESET               startup.o
    0x00000294   0x00000294   0x00000000   Code   RO          919  * .ARM.Collect$$$$00000000  mc_w.l(entry.o)
    0x00000294   0x00000294   0x00000004   Code   RO          972    .ARM.Collect$$$$00000001  mc_w.l(entry2.o)
    0x00000298   0x00000298   0x00000004   Code   RO          975    .ARM.Collect$$$$00000004  mc_w.l(entry5.o)
    0x0000029c   0x0000029c   0x00000000   Code   RO          977    .ARM.Collect$$$$00000008  mc_w.l(entry7b.o)
    0x0000029c   0x0000029c   0x00000000   Code   RO          979    .ARM.Collect$$$$0000000A  mc_w.l(entry8b.o)
    0x0000029c   0x0000029c   0x00000008   Code   RO          980    .ARM.Collect$$$$0000000B  mc_w.l(entry9a.o)
    0x000002a4   0x000002a4   0x00000000   Code   RO          982    .ARM.Collect$$$$0000000D  mc_w.l(entry10a.o)
    0x000002a4   0x000002a4   0x00000000   Code   RO          984    .ARM.Collect$$$$0000000F  mc_w.l(entry11a.o)
    0x000002a4   0x000002a4   0x00000004   Code   RO          973    .ARM.Collect$$$$00002712  mc_w.l(entry2.o)
    0x000002a8   0x000002a8   0x0000001c   Code   RO            4    .text               startup.o
    0x000002c4   0x000002c4   0x00000012   Code   RO          922    .text               mc_w.l(strcpy.o)
    0x000002d6   0x000002d6   0x00000002   PAD
    0x000002d8   0x000002d8   0x00000044   Code   RO          924    .text               mc_w.l(strtok.o)
    0x0000031c   0x0000031c   0x0000001a   Code   RO          930    .text               mc_w.l(atoi.o)
    0x00000336   0x00000336   0x0000014e   Code   RO          932    .text               mf_w.l(dadd.o)
    0x00000484   0x00000484   0x000000e4   Code   RO          934    .text               mf_w.l(dmul.o)
    0x00000568   0x00000568   0x000000de   Code   RO          936    .text               mf_w.l(ddiv.o)
    0x00000646   0x00000646   0x00000022   Code   RO          938    .text               mf_w.l(dflti.o)
    0x00000668   0x00000668   0x0000001a   Code   RO          940    .text               mf_w.l(dfltui.o)
    0x00000682   0x00000682   0x0000003e   Code   RO          942    .text               mf_w.l(dfixi.o)
    0x000006c0   0x000006c0   0x0000001e   Code   RO          986    .text               mc_w.l(llshl.o)
    0x000006de   0x000006de   0x00000020   Code   RO          988    .text               mc_w.l(llushr.o)
    0x000006fe   0x000006fe   0x00000024   Code   RO          990    .text               mc_w.l(llsshr.o)
    0x00000722   0x00000722   0x00000070   Code   RO          999    .text               mc_w.l(strtol.o)
    0x00000792   0x00000792   0x00000000   Code   RO         1001    .text               mc_w.l(iusefp.o)
    0x00000792   0x00000792   0x000000ba   Code   RO         1002    .text               mf_w.l(depilogue.o)
    0x0000084c   0x0000084c   0x00000024   Code   RO         1008    .text               mc_w.l(init.o)
    0x00000870   0x00000870   0x00000008   Code   RO         1010    .text               mc_w.l(ctype_o.o)
    0x00000878   0x00000878   0x0000009e   Code   RO         1038    .text               mc_w.l(_strtoul.o)
    0x00000916   0x00000916   0x0000002e   Code   RO         1040    .text               mf_w.l(dscalb.o)
    0x00000944   0x00000944   0x0000001c   Code   RO         1042    .text               mc_w.l(_chval.o)
    0x00000960   0x00000960   0x00000056   Code   RO         1052    .text               mc_w.l(__dczerorl2.o)
    0x000009b6   0x000009b6   0x00000002   PAD
    0x000009b8   0x000009b8   0x0000010c   Code   RO          171    i.Blynk_to_TM4C     blynk.o
    0x00000ac4   0x00000ac4   0x00000020   Code   RO          253    i.Delay1ms          st7735.o
    0x00000ae4   0x00000ae4   0x00000020   Code   RO          541    i.DelayMs           esp8266.o
    0x00000b04   0x00000b04   0x00000050   Code   RO          543    i.ESP8266_GetMessage  esp8266.o
    0x00000b54   0x00000b54   0x00000088   Code   RO          544    i.ESP8266_Init      esp8266.o
    0x00000bdc   0x00000bdc   0x00000034   Code   RO          545    i.ESP8266_OutChar   esp8266.o
    0x00000c10   0x00000c10   0x00000018   Code   RO          546    i.ESP8266_OutString  esp8266.o
    0x00000c28   0x00000c28   0x0000002a   Code   RO          547    i.ESP8266_OutUDec   esp8266.o
    0x00000c52   0x00000c52   0x00000002   PAD
    0x00000c54   0x00000c54   0x000000f8   Code   RO          548    i.ESP8266_Reset     esp8266.o
    0x00000d4c   0x00000d4c   0x00000178   Code   RO          549    i.ESP8266_SetupWiFi  esp8266.o
    0x00000ec4   0x00000ec4   0x0000007c   Code   RO           12    i.PLL_Init          pll.o
    0x00000f40   0x00000f40   0x0000005c   Code   RO          669    i.PortF_Init        portf.o
    0x00000f9c   0x00000f9c   0x00000010   Code   RO          670    i.PortF_Input       portf.o
    0x00000fac   0x00000fac   0x0000000c   Code   RO          671    i.PortF_Output      portf.o
    0x00000fb8   0x00000fb8   0x0000002c   Code   RO          550    i.Rx5Fifo_Init      esp8266.o
    0x00000fe4   0x00000fe4   0x000000d0   Code   RO          551    i.Rx5Fifo_Put       esp8266.o
    0x000010b4   0x000010b4   0x00000014   Code   RO          552    i.Rx5Fifo_Size      esp8266.o
    0x000010c8   0x000010c8   0x00000024   Code   RO           35    i.RxFifo_Init       uart.o
    0x000010ec   0x000010ec   0x0000003c   Code   RO           36    i.RxFifo_Put        uart.o
    0x00001128   0x00001128   0x00000014   Code   RO           37    i.RxFifo_Size       uart.o
    0x0000113c   0x0000113c   0x00000120   Code   RO          260    i.ST7735_DrawBitmap  st7735.o
    0x0000125c   0x0000125c   0x000000f8   Code   RO          262    i.ST7735_DrawCharS  st7735.o
    0x00001354   0x00001354   0x00000102   Code   RO          265    i.ST7735_DrawLine   st7735.o
    0x00001456   0x00001456   0x00000002   PAD
    0x00001458   0x00001458   0x00000048   Code   RO          266    i.ST7735_DrawPixel  st7735.o
    0x000014a0   0x000014a0   0x00000056   Code   RO          267    i.ST7735_DrawString  st7735.o
    0x000014f6   0x000014f6   0x00000002   PAD
    0x000014f8   0x000014f8   0x000000ac   Code   RO          268    i.ST7735_FillRect   st7735.o
    0x000015a4   0x000015a4   0x00000024   Code   RO          269    i.ST7735_FillScreen  st7735.o
    0x000015c8   0x000015c8   0x0000007c   Code   RO          271    i.ST7735_InitR      st7735.o
    0x00001644   0x00001644   0x000000d4   Code   RO          273    i.ST7735_OutChar    st7735.o
    0x00001718   0x00001718   0x00000018   Code   RO          274    i.ST7735_OutString  st7735.o
    0x00001730   0x00001730   0x0000008c   Code   RO          275    i.ST7735_OutUDec    st7735.o
    0x000017bc   0x000017bc   0x00000020   Code   RO          284    i.ST7735_SetCursor  st7735.o
    0x000017dc   0x000017dc   0x00000098   Code   RO          173    i.TM4C_to_Blynk     blynk.o
    0x00001874   0x00001874   0x00000018   Code   RO          846    i.Timer0A_Handler   timers.o
    0x0000188c   0x0000188c   0x00000084   Code   RO          847    i.Timer0A_Init1HzInt  timers.o
    0x00001910   0x00001910   0x00000018   Code   RO          848    i.Timer1A_Handler   timers.o
    0x00001928   0x00001928   0x00000084   Code   RO          849    i.Timer1_Init       timers.o
    0x000019ac   0x000019ac   0x00000018   Code   RO          850    i.Timer2A_Handler   timers.o
    0x000019c4   0x000019c4   0x00000018   Code   RO          852    i.Timer3A_Handler   timers.o
    0x000019dc   0x000019dc   0x00000088   Code   RO          853    i.Timer3A_Init10kHzInt  timers.o
    0x00001a64   0x00001a64   0x00000038   Code   RO          553    i.Tx5Fifo_Get       esp8266.o
    0x00001a9c   0x00001a9c   0x00000024   Code   RO          554    i.Tx5Fifo_Init      esp8266.o
    0x00001ac0   0x00001ac0   0x0000003c   Code   RO          555    i.Tx5Fifo_Put       esp8266.o
    0x00001afc   0x00001afc   0x00000014   Code   RO          556    i.Tx5Fifo_Size      esp8266.o
    0x00001b10   0x00001b10   0x0000003c   Code   RO           38    i.TxFifo_Get        uart.o
    0x00001b4c   0x00001b4c   0x00000024   Code   RO           39    i.TxFifo_Init       uart.o
    0x00001b70   0x00001b70   0x0000003c   Code   RO           40    i.TxFifo_Put        uart.o
    0x00001bac   0x00001bac   0x00000014   Code   RO           41    i.TxFifo_Size       uart.o
    0x00001bc0   0x00001bc0   0x00000058   Code   RO           42    i.UART0_Handler     uart.o
    0x00001c18   0x00001c18   0x00000058   Code   RO          557    i.UART5_Handler     esp8266.o
    0x00001c70   0x00001c70   0x000000d8   Code   RO          558    i.UART5_Init        esp8266.o
    0x00001d48   0x00001d48   0x000000cc   Code   RO           48    i.UART_Init         uart.o
    0x00001e14   0x00001e14   0x00000034   Code   RO           49    i.UART_OutChar      uart.o
    0x00001e48   0x00001e48   0x00000018   Code   RO           50    i.UART_OutString    uart.o
    0x00001e60   0x00001e60   0x0000002a   Code   RO           51    i.UART_OutUDec      uart.o
    0x00001e8a   0x00001e8a   0x00000028   Code   RO         1004    i.__ARM_fpclassify  m_ws.l(fpclassify.o)
    0x00001eb2   0x00001eb2   0x00000002   PAD
    0x00001eb4   0x00001eb4   0x00000008   Code   RO          992    i.__aeabi_errno_addr  mc_w.l(errno.o)
    0x00001ebc   0x00001ebc   0x00000388   Code   RO          961    i.__ieee754_rem_pio2  m_ws.l(rred.o)
    0x00002244   0x00002244   0x000000fc   Code   RO          944    i.__kernel_cos      m_ws.l(cos_i.o)
    0x00002340   0x00002340   0x000000aa   Code   RO         1006    i.__kernel_poly     m_ws.l(poly.o)
    0x000023ea   0x000023ea   0x00000002   PAD
    0x000023ec   0x000023ec   0x000000ec   Code   RO          966    i.__kernel_sin      m_ws.l(sin_i.o)
    0x000024d8   0x000024d8   0x00000006   Code   RO          948    i.__mathlib_dbl_infnan  m_ws.l(dunder.o)
    0x000024de   0x000024de   0x0000000c   Code   RO          950    i.__mathlib_dbl_invalid  m_ws.l(dunder.o)
    0x000024ea   0x000024ea   0x00000002   PAD
    0x000024ec   0x000024ec   0x00000010   Code   RO          953    i.__mathlib_dbl_underflow  m_ws.l(dunder.o)
    0x000024fc   0x000024fc   0x0000000e   Code   RO         1046    i.__scatterload_copy  mc_w.l(handlers.o)
    0x0000250a   0x0000250a   0x00000002   Code   RO         1047    i.__scatterload_null  mc_w.l(handlers.o)
    0x0000250c   0x0000250c   0x0000000e   Code   RO         1048    i.__scatterload_zeroinit  mc_w.l(handlers.o)
    0x0000251a   0x0000251a   0x00000002   PAD
    0x0000251c   0x0000251c   0x0000000c   Code   RO          994    i.__set_errno       mc_w.l(errno.o)
    0x00002528   0x00002528   0x00000078   Code   RO          693    i.buttonInit        buttondriver.o
    0x000025a0   0x000025a0   0x00000190   Code   RO          174    i.buttonLogic       blynk.o
    0x00002730   0x00002730   0x0000001c   Code   RO          713    i.clearSet          clock.o
    0x0000274c   0x0000274c   0x00000024   Code   RO          714    i.clockInit         clock.o
    0x00002770   0x00002770   0x00000028   Code   RO          715    i.clockSetState     clock.o
    0x00002798   0x00002798   0x00000056   Code   RO          290    i.commandList       st7735.o
    0x000027ee   0x000027ee   0x00000002   PAD
    0x000027f0   0x000027f0   0x00000188   Code   RO          291    i.commonInit        st7735.o
    0x00002978   0x00002978   0x00000028   Code   RO           53    i.copyHardwareToSoftware  uart.o
    0x000029a0   0x000029a0   0x00000028   Code   RO          559    i.copyHardwareToSoftware5  esp8266.o
    0x000029c8   0x000029c8   0x0000002c   Code   RO           54    i.copySoftwareToHardware  uart.o
    0x000029f4   0x000029f4   0x0000002c   Code   RO          560    i.copySoftwareToHardware5  esp8266.o
    0x00002a20   0x00002a20   0x0000009c   Code   RO          904    i.cos               m_ws.l(cos.o)
    0x00002abc   0x00002abc   0x0000001c   Code   RO          175    i.delay             blynk.o
    0x00002ad8   0x00002ad8   0x0000006c   Code   RO          716    i.displayAlarm      clock.o
    0x00002b44   0x00002b44   0x000002c4   Code   RO          717    i.displayClock      clock.o
    0x00002e08   0x00002e08   0x00000048   Code   RO          292    i.fillmessage       st7735.o
    0x00002e50   0x00002e50   0x00000014   Code   RO          718    i.getClockState     clock.o
    0x00002e64   0x00002e64   0x0000000c   Code   RO          719    i.getStale          clock.o
    0x00002e70   0x00002e70   0x0000000c   Code   RO          720    i.getSubStale       clock.o
    0x00002e7c   0x00002e7c   0x000000c0   Code   RO          176    i.getSunRise        blynk.o
    0x00002f3c   0x00002f3c   0x0000000c   Code   RO          721    i.isArmed           clock.o
    0x00002f48   0x00002f48   0x00000124   Code   RO          177    i.main              blynk.o
    0x0000306c   0x0000306c   0x00000012   Code   RO          293    i.pushColor         st7735.o
    0x0000307e   0x0000307e   0x00000002   PAD
    0x00003080   0x00003080   0x00000074   Code   RO          294    i.setAddrWindow     st7735.o
    0x000030f4   0x000030f4   0x00000030   Code   RO          808    i.setFreq           speaker.o
    0x00003124   0x00003124   0x000000a0   Code   RO          912    i.sin               m_ws.l(sin.o)
    0x000031c4   0x000031c4   0x0000006c   Code   RO          809    i.speakerInit       speaker.o
    0x00003230   0x00003230   0x00000014   Code   RO          810    i.speakerStart      speaker.o
    0x00003244   0x00003244   0x00000014   Code   RO          811    i.speakerStop       speaker.o
    0x00003258   0x00003258   0x00000088   Code   RO          812    i.speakerWork       speaker.o
    0x000032e0   0x000032e0   0x0000000c   Code   RO          296    i.swap              st7735.o
    0x000032ec   0x000032ec   0x000000b0   Code   RO          723    i.tickClock         clock.o
    0x0000339c   0x0000339c   0x00000050   Code   RO          724    i.toggleAlarm       clock.o
    0x000033ec   0x000033ec   0x00000038   Code   RO          725    i.updateClock       clock.o
    0x00003424   0x00003424   0x00000030   Code   RO          297    i.writecommand      st7735.o
    0x00003454   0x00003454   0x00000024   Code   RO          298    i.writedata         st7735.o
    0x00003478   0x00003478   0x000007e2   Data   RO          300    .constdata          st7735.o
    0x00003c5a   0x00003c5a   0x00003200   Data   RO          726    .constdata          clock.o
    0x00006e5a   0x00006e5a   0x00000006   PAD
    0x00006e60   0x00006e60   0x00000030   Data   RO          945    .constdata          m_ws.l(cos_i.o)
    0x00006e90   0x00006e90   0x000000c8   Data   RO          963    .constdata          m_ws.l(rred.o)
    0x00006f58   0x00006f58   0x00000028   Data   RO          967    .constdata          m_ws.l(sin_i.o)
    0x00006f80   0x00006f80   0x00000081   Data   RO         1011    .constdata          mc_w.l(ctype_o.o)
    0x00007001   0x00007001   0x00000003   PAD
    0x00007004   0x00007004   0x00000004   Data   RO         1012    .constdata          mc_w.l(ctype_o.o)
    0x00007008   0x00007008   0x00000020   Data   RO         1044    Region$$Table       anon$$obj.o


    Execution Region ER_RW (Exec base: 0x20000000, Load base: 0x00007028, Size: 0x00000164, Max: 0xffffffff, ABSOLUTE, COMPRESSED[0x00000084])

    Exec Addr    Load Addr    Size         Type   Attr      Idx    E Section Name        Object

    0x20000000   COMPRESSED   0x00000010   Data   RW           56    .data               uart.o
    0x20000010   COMPRESSED   0x00000048   Data   RW          179    .data               blynk.o
    0x20000058   COMPRESSED   0x0000002c   Data   RW          301    .data               st7735.o
    0x20000084   COMPRESSED   0x00000094   Data   RW          562    .data               esp8266.o
    0x20000118   COMPRESSED   0x00000001   Data   RW          695    .data               buttondriver.o
    0x20000119   COMPRESSED   0x00000001   PAD
    0x2000011a   COMPRESSED   0x00000012   Data   RW          727    .data               clock.o
    0x2000012c   COMPRESSED   0x00000020   Data   RW          813    .data               speaker.o
    0x2000014c   COMPRESSED   0x00000010   Data   RW          854    .data               timers.o
    0x2000015c   COMPRESSED   0x00000004   Data   RW          925    .data               mc_w.l(strtok.o)
    0x20000160   COMPRESSED   0x00000004   Data   RW          995    .data               mc_w.l(errno.o)


    Execution Region ER_ZI (Exec base: 0x20000164, Load base: 0x000070ac, Size: 0x0000289c, Max: 0xffffffff, ABSOLUTE)

    Exec Addr    Load Addr    Size         Type   Attr      Idx    E Section Name        Object

    0x20000164        -       0x00000080   Zero   RW           55    .bss                uart.o
    0x200001e4        -       0x000000c0   Zero   RW          178    .bss                blynk.o
    0x200002a4        -       0x0000201c   Zero   RW          299    .bss                st7735.o
    0x200022c0        -       0x00000340   Zero   RW          561    .bss                esp8266.o
    0x20002600        -       0x00000400   Zero   RW            1    STACK               startup.o


==============================================================================

Image component sizes


      Code (inc. data)   RO Data    RW Data    ZI Data      Debug   Object Name

      1332        270          0         72        192       5502   blynk.o
       120         22          0          1          0        801   buttondriver.o
      1288        218      12800         18          0       6692   clock.o
      1822        534          0        148        832      11368   esp8266.o
       124          4          0          0          0       4975   pll.o
       120         30          0          0          0       1658   portf.o
       332         68          0         32          0       2835   speaker.o
      2504        232       2018         44       8220      16326   st7735.o
       688        622          0          0       1024       1016   startup.o
       496         98          0         16          0       4108   timers.o
       786        120          0         16        128       7964   uart.o

    ----------------------------------------------------------------------
      9622       2218      14856        348      10396      63245   Object Totals
         0          0         32          0          0          0   (incl. Generated)
        10          0          6          1          0          0   (incl. Padding)

    ----------------------------------------------------------------------

      Code (inc. data)   RO Data    RW Data    ZI Data      Debug   Library Member Name

       156          8          0          0          0        104   cos.o
       252         22         48          0          0        124   cos_i.o
        34          6          0          0          0        204   dunder.o
        40          0          0          0          0         68   fpclassify.o
       170          0          0          0          0         96   poly.o
       904         76        200          0          0        140   rred.o
       160         10          0          0          0        108   sin.o
       236         12         40          0          0        128   sin_i.o
        86          0          0          0          0          0   __dczerorl2.o
        28          0          0          0          0         68   _chval.o
       158          0          0          0          0         92   _strtoul.o
        26          0          0          0          0         80   atoi.o
         8          4        133          0          0         68   ctype_o.o
         0          0          0          0          0          0   entry.o
         0          0          0          0          0          0   entry10a.o
         0          0          0          0          0          0   entry11a.o
         8          4          0          0          0          0   entry2.o
         4          0          0          0          0          0   entry5.o
         0          0          0          0          0          0   entry7b.o
         0          0          0          0          0          0   entry8b.o
         8          4          0          0          0          0   entry9a.o
        20         10          0          4          0        136   errno.o
        30          0          0          0          0          0   handlers.o
        36          8          0          0          0         68   init.o
         0          0          0          0          0          0   iusefp.o
        30          0          0          0          0         68   llshl.o
        36          0          0          0          0         68   llsshr.o
        32          0          0          0          0         68   llushr.o
        18          0          0          0          0         68   strcpy.o
        68          6          0          4          0         80   strtok.o
       112          0          0          0          0         88   strtol.o
       334          0          0          0          0        148   dadd.o
       222          0          0          0          0        100   ddiv.o
       186          0          0          0          0        176   depilogue.o
        62          0          0          0          0         80   dfixi.o
        34          0          0          0          0         76   dflti.o
        26          0          0          0          0         76   dfltui.o
       228          0          0          0          0         96   dmul.o
        46          0          0          0          0         80   dscalb.o

    ----------------------------------------------------------------------
      3810        170        424          8          0       2756   Library Totals
        12          0          3          0          0          0   (incl. Padding)

    ----------------------------------------------------------------------

      Code (inc. data)   RO Data    RW Data    ZI Data      Debug   Library Name

      1952        134        288          0          0        972   m_ws.l
       708         36        133          8          0        952   mc_w.l
      1138          0          0          0          0        832   mf_w.l

    ----------------------------------------------------------------------
      3810        170        424          8          0       2756   Library Totals

    ----------------------------------------------------------------------

==============================================================================


      Code (inc. data)   RO Data    RW Data    ZI Data      Debug   

     13432       2388      15280        356      10396      60461   Grand Totals
     13432       2388      15280        132      10396      60461   ELF Image Totals (compressed)
     13432       2388      15280        132          0          0   ROM Totals

==============================================================================

    Total RO  Size (Code + RO Data)                28712 (  28.04kB)
    Total RW  Size (RW Data + ZI Data)             10752 (  10.50kB)
    Total ROM Size (Code + RO Data + RW Data)      28844 (  28.17kB)

==============================================================================

